Archive member included to satisfy reference by file (symbol)

c:/program files (x86)/atmel/studio/7.0/toolchain/arm/arm-gnu-toolchain/bin/../lib/gcc/arm-none-eabi/6.2.1/thumb/v6-m\libgcc.a(_udivsi3.o)
                              src/ASF/common2/services/delay/sam0/systick_counter.o (__aeabi_uidiv)
c:/program files (x86)/atmel/studio/7.0/toolchain/arm/arm-gnu-toolchain/bin/../lib/gcc/arm-none-eabi/6.2.1/thumb/v6-m\libgcc.a(_divsi3.o)
                              src/LEDMatrixReadDial.o (__aeabi_idiv)
c:/program files (x86)/atmel/studio/7.0/toolchain/arm/arm-gnu-toolchain/bin/../lib/gcc/arm-none-eabi/6.2.1/thumb/v6-m\libgcc.a(_dvmd_tls.o)
                              c:/program files (x86)/atmel/studio/7.0/toolchain/arm/arm-gnu-toolchain/bin/../lib/gcc/arm-none-eabi/6.2.1/thumb/v6-m\libgcc.a(_udivsi3.o) (__aeabi_idiv0)
c:/program files (x86)/atmel/studio/7.0/toolchain/arm/arm-gnu-toolchain/bin/../lib/gcc/arm-none-eabi/6.2.1/thumb/v6-m\libgcc.a(_muldi3.o)
                              src/ASF/sam0/drivers/sercom/sercom.o (__aeabi_lmul)
c:/program files (x86)/atmel/studio/7.0/toolchain/arm/arm-gnu-toolchain/bin/../lib/gcc/arm-none-eabi/6.2.1/../../../../arm-none-eabi/lib/thumb/v6-m\libc_nano.a(lib_a-exit.o)
                              c:/program files (x86)/atmel/studio/7.0/toolchain/arm/arm-gnu-toolchain/bin/../lib/gcc/arm-none-eabi/6.2.1/../../../../arm-none-eabi/lib/thumb/v6-m/crt0.o (exit)
c:/program files (x86)/atmel/studio/7.0/toolchain/arm/arm-gnu-toolchain/bin/../lib/gcc/arm-none-eabi/6.2.1/../../../../arm-none-eabi/lib/thumb/v6-m\libc_nano.a(lib_a-impure.o)
                              c:/program files (x86)/atmel/studio/7.0/toolchain/arm/arm-gnu-toolchain/bin/../lib/gcc/arm-none-eabi/6.2.1/../../../../arm-none-eabi/lib/thumb/v6-m\libc_nano.a(lib_a-exit.o) (_global_impure_ptr)
c:/program files (x86)/atmel/studio/7.0/toolchain/arm/arm-gnu-toolchain/bin/../lib/gcc/arm-none-eabi/6.2.1/../../../../arm-none-eabi/lib/thumb/v6-m\libc_nano.a(lib_a-init.o)
                              c:/program files (x86)/atmel/studio/7.0/toolchain/arm/arm-gnu-toolchain/bin/../lib/gcc/arm-none-eabi/6.2.1/../../../../arm-none-eabi/lib/thumb/v6-m/crt0.o (__libc_init_array)
c:/program files (x86)/atmel/studio/7.0/toolchain/arm/arm-gnu-toolchain/bin/../lib/gcc/arm-none-eabi/6.2.1/../../../../arm-none-eabi/lib/thumb/v6-m\libc_nano.a(lib_a-malloc.o)
                              src/LEDMatrixReadDial.o (malloc)
c:/program files (x86)/atmel/studio/7.0/toolchain/arm/arm-gnu-toolchain/bin/../lib/gcc/arm-none-eabi/6.2.1/../../../../arm-none-eabi/lib/thumb/v6-m\libc_nano.a(lib_a-memcpy-stub.o)
                              src/ASF/sam0/drivers/adc/adc_sam_d_r_h/adc.o (memcpy)
c:/program files (x86)/atmel/studio/7.0/toolchain/arm/arm-gnu-toolchain/bin/../lib/gcc/arm-none-eabi/6.2.1/../../../../arm-none-eabi/lib/thumb/v6-m\libc_nano.a(lib_a-memset.o)
                              c:/program files (x86)/atmel/studio/7.0/toolchain/arm/arm-gnu-toolchain/bin/../lib/gcc/arm-none-eabi/6.2.1/../../../../arm-none-eabi/lib/thumb/v6-m/crt0.o (memset)
c:/program files (x86)/atmel/studio/7.0/toolchain/arm/arm-gnu-toolchain/bin/../lib/gcc/arm-none-eabi/6.2.1/../../../../arm-none-eabi/lib/thumb/v6-m\libc_nano.a(lib_a-nano-freer.o)
                              c:/program files (x86)/atmel/studio/7.0/toolchain/arm/arm-gnu-toolchain/bin/../lib/gcc/arm-none-eabi/6.2.1/../../../../arm-none-eabi/lib/thumb/v6-m\libc_nano.a(lib_a-malloc.o) (_free_r)
c:/program files (x86)/atmel/studio/7.0/toolchain/arm/arm-gnu-toolchain/bin/../lib/gcc/arm-none-eabi/6.2.1/../../../../arm-none-eabi/lib/thumb/v6-m\libc_nano.a(lib_a-nano-mallocr.o)
                              c:/program files (x86)/atmel/studio/7.0/toolchain/arm/arm-gnu-toolchain/bin/../lib/gcc/arm-none-eabi/6.2.1/../../../../arm-none-eabi/lib/thumb/v6-m\libc_nano.a(lib_a-malloc.o) (_malloc_r)
c:/program files (x86)/atmel/studio/7.0/toolchain/arm/arm-gnu-toolchain/bin/../lib/gcc/arm-none-eabi/6.2.1/../../../../arm-none-eabi/lib/thumb/v6-m\libc_nano.a(lib_a-sbrkr.o)
                              c:/program files (x86)/atmel/studio/7.0/toolchain/arm/arm-gnu-toolchain/bin/../lib/gcc/arm-none-eabi/6.2.1/../../../../arm-none-eabi/lib/thumb/v6-m\libc_nano.a(lib_a-nano-mallocr.o) (_sbrk_r)
c:/program files (x86)/atmel/studio/7.0/toolchain/arm/arm-gnu-toolchain/bin/../lib/gcc/arm-none-eabi/6.2.1/../../../../arm-none-eabi/lib/thumb/v6-m\libc_nano.a(lib_a-mlock.o)
                              c:/program files (x86)/atmel/studio/7.0/toolchain/arm/arm-gnu-toolchain/bin/../lib/gcc/arm-none-eabi/6.2.1/../../../../arm-none-eabi/lib/thumb/v6-m\libc_nano.a(lib_a-nano-freer.o) (__malloc_lock)
c:/program files (x86)/atmel/studio/7.0/toolchain/arm/arm-gnu-toolchain/bin/../lib/gcc/arm-none-eabi/6.2.1/../../../../arm-none-eabi/lib/thumb/v6-m\libc_nano.a(lib_a-reent.o)
[...]
Memory Configuration

Name             Origin             Length             Attributes
rom              0x00000000         0x00004000         xr
ram              0x20000000         0x00001000         xrw
*default*        0x00000000         0xffffffff

Linker script and memory map

LOAD c:/program files (x86)/atmel/studio/7.0/toolchain/arm/arm-gnu-toolchain/bin/../lib/gcc/arm-none-eabi/6.2.1/thumb/v6-m/crti.o
LOAD c:/program files (x86)/atmel/studio/7.0/toolchain/arm/arm-gnu-toolchain/bin/../lib/gcc/arm-none-eabi/6.2.1/thumb/v6-m/crtbegin.o
LOAD c:/program files (x86)/atmel/studio/7.0/toolchain/arm/arm-gnu-toolchain/bin/../lib/gcc/arm-none-eabi/6.2.1/../../../../arm-none-eabi/lib/thumb/v6-m/crt0.o
LOAD src/ASF/common2/services/delay/sam0/systick_counter.o
LOAD src/ASF/sam0/drivers/adc/adc_sam_d_r_h/adc.o
LOAD src/ASF/sam0/drivers/adc/adc_sam_d_r_h/adc_callback.o
LOAD src/ASF/sam0/drivers/dma/dma.o
LOAD src/ASF/sam0/drivers/sercom/i2c/i2c_sam0/i2c_slave.o
LOAD src/ASF/sam0/drivers/sercom/i2c/i2c_sam0/i2c_slave_interrupt.o
LOAD src/ASF/sam0/drivers/sercom/sercom.o
LOAD src/ASF/sam0/drivers/sercom/sercom_interrupt.o
LOAD src/ASF/sam0/drivers/sercom/spi/spi.o
LOAD src/ASF/sam0/drivers/sercom/spi/spi_interrupt.o
LOAD src/ASF/sam0/drivers/tc/tc_sam_d_r_h/tc.o
LOAD src/ASF/sam0/drivers/tc/tc_interrupt.o
LOAD src/ASF/sam0/drivers/port/port.o
LOAD src/ASF/common2/boards/user_board/init.o
LOAD src/ASF/common/utils/interrupt/interrupt_sam_nvic.o
LOAD src/ASF/sam0/drivers/system/clock/clock_samd09_d10_d11/clock.o
LOAD src/ASF/sam0/drivers/system/clock/clock_samd09_d10_d11/gclk.o
LOAD src/ASF/sam0/drivers/system/interrupt/system_interrupt.o
LOAD src/ASF/sam0/drivers/system/pinmux/pinmux.o
LOAD src/ASF/sam0/drivers/system/system.o
LOAD src/ASF/sam0/utils/cmsis/samd10/source/gcc/startup_samd10.o
LOAD src/ASF/sam0/utils/cmsis/samd10/source/system_samd10.o
LOAD src/ASF/sam0/utils/syscalls/gcc/syscalls.o
LOAD src/LEDMatrixBluetoothMode.o
LOAD src/LEDMatrixControl.o
LOAD src/LEDMatrixI2CSlave.o
LOAD src/LEDMatrixMultiplyMode.o
LOAD src/LEDMatrixReadDial.o
LOAD src/LEDMatrixSPIControl.o
LOAD src/LEDMatrixSPIMaster.o
LOAD src/LEDMatrixUtilities.o
LOAD src/main.o
START GROUP
LOAD ../src/ASF/thirdparty/CMSIS/Lib/GCC\libarm_cortexM0l_math.a
LOAD c:/program files (x86)/atmel/studio/7.0/toolchain/arm/arm-gnu-toolchain/bin/../lib/gcc/arm-none-eabi/6.2.1/../../../../arm-none-eabi/lib/thumb/v6-m\libm.a
END GROUP
START GROUP
LOAD c:/program files (x86)/atmel/studio/7.0/toolchain/arm/arm-gnu-toolchain/bin/../lib/gcc/arm-none-eabi/6.2.1/thumb/v6-m\libgcc.a
LOAD c:/program files (x86)/atmel/studio/7.0/toolchain/arm/arm-gnu-toolchain/bin/../lib/gcc/arm-none-eabi/6.2.1/../../../../arm-none-eabi/lib/thumb/v6-m\libc_nano.a
END GROUP
START GROUP
LOAD c:/program files (x86)/atmel/studio/7.0/toolchain/arm/arm-gnu-toolchain/bin/../lib/gcc/arm-none-eabi/6.2.1/thumb/v6-m\libgcc.a
LOAD c:/program files (x86)/atmel/studio/7.0/toolchain/arm/arm-gnu-toolchain/bin/../lib/gcc/arm-none-eabi/6.2.1/../../../../arm-none-eabi/lib/thumb/v6-m\libc_nano.a
END GROUP
LOAD c:/program files (x86)/atmel/studio/7.0/toolchain/arm/arm-gnu-toolchain/bin/../lib/gcc/arm-none-eabi/6.2.1/thumb/v6-m/crtend.o
LOAD c:/program files (x86)/atmel/studio/7.0/toolchain/arm/arm-gnu-toolchain/bin/../lib/gcc/arm-none-eabi/6.2.1/thumb/v6-m/crtn.o
                0x00000400                STACK_SIZE = DEFINED (STACK_SIZE)?STACK_SIZE:DEFINED (__stack_size__)?__stack_size__:0x400

.text           0x00000000     0x3464
                0x00000000                . = ALIGN (0x4)
                0x00000000                _sfixed = .
 *(.vectors .vectors.*)
 .vectors       0x00000000       0x8c src/ASF/sam0/utils/cmsis/samd10/source/gcc/startup_samd10.o
                0x00000000                exception_table
 *(.text .text.* .gnu.linkonce.t.*)
 .text          0x0000008c       0x60 c:/program files (x86)/atmel/studio/7.0/toolchain/arm/arm-gnu-toolchain/bin/../lib/gcc/arm-none-eabi/6.2.1/thumb/v6-m/crtbegin.o
 .text.delay_init
                0x000000ec       0x40 src/ASF/common2/services/delay/sam0/systick_counter.o
                0x000000ec                delay_init
 .text.delay_cycles_us
                0x0000012c       0x2c src/ASF/common2/services/delay/sam0/systick_counter.o
                0x0000012c                delay_cycles_us
 .text.delay_cycles_ms
                0x00000158       0x2c src/ASF/common2/services/delay/sam0/systick_counter.o
                0x00000158                delay_cycles_ms
 .text.adc_get_config_defaults
                0x00000184       0x46 src/ASF/sam0/drivers/adc/adc_sam_d_r_h/adc.o
                0x00000184                adc_get_config_defaults
 *fill*         0x000001ca        0x2 
 .text.adc_init
                0x000001cc      0x428 src/ASF/sam0/drivers/adc/adc_sam_d_r_h/adc.o
                0x000001cc                adc_init
 .text.ADC_Handler
                0x000005f4       0xc0 src/ASF/sam0/drivers/adc/adc_sam_d_r_h/adc_callback.o
                0x000005f4                ADC_Handler
 .text.DMAC_Handler
                0x000006b4       0xb4 src/ASF/sam0/drivers/dma/dma.o
                0x000006b4                DMAC_Handler
 .text.dma_get_config_defaults
                0x00000768       0x10 src/ASF/sam0/drivers/dma/dma.o
                0x00000768                dma_get_config_defaults
 .text.dma_allocate
                0x00000778      0x148 src/ASF/sam0/drivers/dma/dma.o
                0x00000778                dma_allocate
 .text.dma_start_transfer_job
                0x000008c0       0x88 src/ASF/sam0/drivers/dma/dma.o
                0x000008c0                dma_start_transfer_job
 .text.dma_descriptor_create
                0x00000948       0xa8 src/ASF/sam0/drivers/dma/dma.o
                0x00000948                dma_descriptor_create
 .text.dma_add_descriptor
                0x000009f0       0x2a src/ASF/sam0/drivers/dma/dma.o
                0x000009f0                dma_add_descriptor
 *fill*         0x00000a1a        0x2 
 .text.i2c_slave_init
                0x00000a1c      0x190 src/ASF/sam0/drivers/sercom/i2c/i2c_sam0/i2c_slave.o
                0x00000a1c                i2c_slave_init
 .text.i2c_slave_register_callback
                0x00000bac       0x1a src/ASF/sam0/drivers/sercom/i2c/i2c_sam0/i2c_slave_interrupt.o
                0x00000bac                i2c_slave_register_callback
 .text.i2c_slave_read_packet_job
                0x00000bc6       0x28 src/ASF/sam0/drivers/sercom/i2c/i2c_sam0/i2c_slave_interrupt.o
                0x00000bc6                i2c_slave_read_packet_job
 .text.i2c_slave_write_packet_job
                0x00000bee       0x28 src/ASF/sam0/drivers/sercom/i2c/i2c_sam0/i2c_slave_interrupt.o
                0x00000bee                i2c_slave_write_packet_job
 *fill*         0x00000c16        0x2 
 .text._i2c_slave_interrupt_handler
                0x00000c18      0x280 src/ASF/sam0/drivers/sercom/i2c/i2c_sam0/i2c_slave_interrupt.o
                0x00000c18                _i2c_slave_interrupt_handler
 .text._sercom_get_sync_baud_val
                0x00000e98       0x28 src/ASF/sam0/drivers/sercom/sercom.o
                0x00000e98                _sercom_get_sync_baud_val
 .text.sercom_set_gclk_generator
                0x00000ec0       0x4c src/ASF/sam0/drivers/sercom/sercom.o
                0x00000ec0                sercom_set_gclk_generator
 .text._sercom_get_default_pad
                0x00000f0c       0xc0 src/ASF/sam0/drivers/sercom/sercom.o
                0x00000f0c                _sercom_get_default_pad
 .text._sercom_get_sercom_inst_index
                0x00000fcc       0x38 src/ASF/sam0/drivers/sercom/sercom.o
                0x00000fcc                _sercom_get_sercom_inst_index
 .text._sercom_default_handler
                0x00001004        0x2 src/ASF/sam0/drivers/sercom/sercom_interrupt.o
 *fill*         0x00001006        0x2 
 .text._sercom_set_handler
                0x00001008       0x3c src/ASF/sam0/drivers/sercom/sercom_interrupt.o
                0x00001008                _sercom_set_handler
 .text._sercom_get_interrupt_vector
                0x00001044       0x20 src/ASF/sam0/drivers/sercom/sercom_interrupt.o
                0x00001044                _sercom_get_interrupt_vector
 .text.SERCOM0_Handler
                0x00001064       0x10 src/ASF/sam0/drivers/sercom/sercom_interrupt.o
                0x00001064                SERCOM0_Handler
 .text.SERCOM1_Handler
                0x00001074       0x10 src/ASF/sam0/drivers/sercom/sercom_interrupt.o
                0x00001074                SERCOM1_Handler
 .text.SERCOM2_Handler
                0x00001084       0x10 src/ASF/sam0/drivers/sercom/sercom_interrupt.o
                0x00001084                SERCOM2_Handler
 .text.spi_init
                0x00001094      0x214 src/ASF/sam0/drivers/sercom/spi/spi.o
                0x00001094                spi_init
 .text._spi_interrupt_handler
                0x000012a8      0x224 src/ASF/sam0/drivers/sercom/spi/spi_interrupt.o
                0x000012a8                _spi_interrupt_handler
 .text._tc_get_inst_index
                0x000014cc       0x24 src/ASF/sam0/drivers/tc/tc_sam_d_r_h/tc.o
                0x000014cc                _tc_get_inst_index
 .text.tc_init  0x000014f0      0x230 src/ASF/sam0/drivers/tc/tc_sam_d_r_h/tc.o
                0x000014f0                tc_init
 .text.tc_register_callback
                0x00001720       0x32 src/ASF/sam0/drivers/tc/tc_interrupt.o
                0x00001720                tc_register_callback
 *fill*         0x00001752        0x2 
 .text._tc_interrupt_handler
                0x00001754       0x64 src/ASF/sam0/drivers/tc/tc_interrupt.o
                0x00001754                _tc_interrupt_handler
 .text.TC1_Handler
                0x000017b8       0x10 src/ASF/sam0/drivers/tc/tc_interrupt.o
                0x000017b8                TC1_Handler
 .text.TC2_Handler
                0x000017c8       0x10 src/ASF/sam0/drivers/tc/tc_interrupt.o
                0x000017c8                TC2_Handler
 .text.port_pin_set_config
                0x000017d8       0x24 src/ASF/sam0/drivers/port/port.o
                0x000017d8                port_pin_set_config
 .text.system_board_init
                0x000017fc        0x2 src/ASF/common2/boards/user_board/init.o
                0x000017fc                board_init
                0x000017fc                system_board_init
 *fill*         0x000017fe        0x2 
 .text.cpu_irq_enter_critical
                0x00001800       0x40 src/ASF/common/utils/interrupt/interrupt_sam_nvic.o
                0x00001800                cpu_irq_enter_critical
 .text.cpu_irq_leave_critical
                0x00001840       0x30 src/ASF/common/utils/interrupt/interrupt_sam_nvic.o
                0x00001840                cpu_irq_leave_critical
 .text.system_clock_source_get_hz
                0x00001870       0x90 src/ASF/sam0/drivers/system/clock/clock_samd09_d10_d11/clock.o
                0x00001870                system_clock_source_get_hz
 .text.system_clock_source_osc8m_set_config
                0x00001900       0x3c src/ASF/sam0/drivers/system/clock/clock_samd09_d10_d11/clock.o
                0x00001900                system_clock_source_osc8m_set_config
 .text.system_clock_source_osc32k_set_config
                0x0000193c       0x7c src/ASF/sam0/drivers/system/clock/clock_samd09_d10_d11/clock.o
                0x0000193c                system_clock_source_osc32k_set_config
 .text.system_clock_source_dfll_set_config
                0x000019b8       0x80 src/ASF/sam0/drivers/system/clock/clock_samd09_d10_d11/clock.o
                0x000019b8                system_clock_source_dfll_set_config
 .text.system_clock_source_enable
                0x00001a38       0xa8 src/ASF/sam0/drivers/system/clock/clock_samd09_d10_d11/clock.o
                0x00001a38                system_clock_source_enable
 .text.system_clock_init
                0x00001ae0      0x17c src/ASF/sam0/drivers/system/clock/clock_samd09_d10_d11/clock.o
                0x00001ae0                system_clock_init
 .text.system_gclk_init
                0x00001c5c       0x24 src/ASF/sam0/drivers/system/clock/clock_samd09_d10_d11/gclk.o
                0x00001c5c                system_gclk_init
 .text.system_gclk_gen_set_config
                0x00001c80       0xb8 src/ASF/sam0/drivers/system/clock/clock_samd09_d10_d11/gclk.o
                0x00001c80                system_gclk_gen_set_config
 .text.system_gclk_gen_enable
                0x00001d38       0x44 src/ASF/sam0/drivers/system/clock/clock_samd09_d10_d11/gclk.o
                0x00001d38                system_gclk_gen_enable
 .text.system_gclk_gen_get_hz
                0x00001d7c       0x8c src/ASF/sam0/drivers/system/clock/clock_samd09_d10_d11/gclk.o
                0x00001d7c                system_gclk_gen_get_hz
 .text.system_gclk_chan_enable
                0x00001e08       0x30 src/ASF/sam0/drivers/system/clock/clock_samd09_d10_d11/gclk.o
                0x00001e08                system_gclk_chan_enable
 .text.system_gclk_chan_disable
                0x00001e38       0x5c src/ASF/sam0/drivers/system/clock/clock_samd09_d10_d11/gclk.o
                0x00001e38                system_gclk_chan_disable
 .text.system_gclk_chan_set_config
                0x00001e94       0x1c src/ASF/sam0/drivers/system/clock/clock_samd09_d10_d11/gclk.o
                0x00001e94                system_gclk_chan_set_config
 .text.system_gclk_chan_get_hz
                0x00001eb0       0x34 src/ASF/sam0/drivers/system/clock/clock_samd09_d10_d11/gclk.o
                0x00001eb0                system_gclk_chan_get_hz
 .text._system_pinmux_config
                0x00001ee4       0xa8 src/ASF/sam0/drivers/system/pinmux/pinmux.o
 .text.system_pinmux_pin_set_config
                0x00001f8c       0x30 src/ASF/sam0/drivers/system/pinmux/pinmux.o
                0x00001f8c                system_pinmux_pin_set_config
 .text._system_dummy_init
                0x00001fbc        0x2 src/ASF/sam0/drivers/system/system.o
                0x00001fbc                _system_extint_init
                0x00001fbc                _system_events_init
                0x00001fbc                _system_dummy_init
                0x00001fbc                _system_divas_init
 *fill*         0x00001fbe        0x2 
 .text.system_init
                0x00001fc0       0x2c src/ASF/sam0/drivers/system/system.o
                0x00001fc0                system_init
 .text.Dummy_Handler
                0x00001fec        0x2 src/ASF/sam0/utils/cmsis/samd10/source/gcc/startup_samd10.o
                0x00001fec                HardFault_Handler
                0x00001fec                AC_Handler
                0x00001fec                SysTick_Handler
                0x00001fec                PendSV_Handler
                0x00001fec                NMI_Handler
                0x00001fec                TCC0_Handler
                0x00001fec                RTC_Handler
                0x00001fec                EIC_Handler
                0x00001fec                WDT_Handler
                0x00001fec                Dummy_Handler
                0x00001fec                PM_Handler
                0x00001fec                SVC_Handler
                0x00001fec                EVSYS_Handler
                0x00001fec                NVMCTRL_Handler
                0x00001fec                DAC_Handler
                0x00001fec                PTC_Handler
                0x00001fec                SYSCTRL_Handler
 *fill*         0x00001fee        0x2 
 .text.Reset_Handler
                0x00001ff0       0xd0 src/ASF/sam0/utils/cmsis/samd10/source/gcc/startup_samd10.o
                0x00001ff0                Reset_Handler
 .text._sbrk    0x000020c0       0x24 src/ASF/sam0/utils/syscalls/gcc/syscalls.o
                0x000020c0                _sbrk
 .text.updateBluetoothMode
                0x000020e4       0x38 src/LEDMatrixBluetoothMode.o
                0x000020e4                updateBluetoothMode
 .text.updateLEDMatrix
                0x0000211c       0x18 src/LEDMatrixControl.o
                0x0000211c                updateLEDMatrix
 .text.updateSPIValues
                0x00002134       0x7c src/LEDMatrixControl.o
                0x00002134                updateSPIValues
 .text.initLEDMatrixTimer
                0x000021b0       0x70 src/LEDMatrixControl.o
                0x000021b0                initLEDMatrixTimer
 .text.initLEDMatrixTimerCallbacks
                0x00002220       0x4c src/LEDMatrixControl.o
                0x00002220                initLEDMatrixTimerCallbacks
 .text.initMatrixStandbyMode
                0x0000226c       0x10 src/LEDMatrixControl.o
                0x0000226c                initMatrixStandbyMode
 .text.updateLEDMatrixArray
                0x0000227c       0x20 src/LEDMatrixControl.o
                0x0000227c                updateLEDMatrixArray
 .text.LEDMatrixControl
                0x0000229c       0x70 src/LEDMatrixControl.o
                0x0000229c                LEDMatrixControl
 .text.LEDMatrixTimerInit
                0x0000230c       0x14 src/LEDMatrixControl.o
                0x0000230c                LEDMatrixTimerInit
 .text.i2c_write_complete_callback
                0x00002320        0xc src/LEDMatrixI2CSlave.o
                0x00002320                i2c_write_complete_callback
 .text.i2c_read_complete_callback
                0x0000232c       0x24 src/LEDMatrixI2CSlave.o
                0x0000232c                i2c_read_complete_callback
 .text.i2c_read_request_callback
                0x00002350       0x40 src/LEDMatrixI2CSlave.o
                0x00002350                i2c_read_request_callback
 .text.i2c_write_request_callback
                0x00002390       0x20 src/LEDMatrixI2CSlave.o
                0x00002390                i2c_write_request_callback
 .text.configure_i2c_slave
                0x000023b0       0x94 src/LEDMatrixI2CSlave.o
                0x000023b0                configure_i2c_slave
 .text.configure_i2c_slave_callbacks
                0x00002444       0x6c src/LEDMatrixI2CSlave.o
                0x00002444                configure_i2c_slave_callbacks
 .text.dialConvertValueRow
                0x000024b0       0x7c src/LEDMatrixMultiplyMode.o
                0x000024b0                dialConvertValueRow
 .text.dialConvertValueColumn
                0x0000252c       0x7c src/LEDMatrixMultiplyMode.o
                0x0000252c                dialConvertValueColumn
 .text.convertDialMulMode
                0x000025a8       0x24 src/LEDMatrixMultiplyMode.o
                0x000025a8                convertDialMulMode
 .text.updateMatrixMultiplyMode
                0x000025cc        0xc src/LEDMatrixMultiplyMode.o
                0x000025cc                updateMatrixMultiplyMode
 .text.setupThresholds
                0x000025d8       0x38 src/LEDMatrixMultiplyMode.o
                0x000025d8                setupThresholds
 .text.initMatrixMultiplyMode
                0x00002610        0xc src/LEDMatrixMultiplyMode.o
                0x00002610                initMatrixMultiplyMode
 .text.configADC
                0x0000261c       0x84 src/LEDMatrixReadDial.o
                0x0000261c                configADC
 .text.configDials
                0x000026a0        0xc src/LEDMatrixReadDial.o
                0x000026a0                configDials
 .text.adc_start_read_result
                0x000026ac       0xc0 src/LEDMatrixReadDial.o
                0x000026ac                adc_start_read_result
 .text.filterDialValues
                0x0000276c       0xe0 src/LEDMatrixReadDial.o
                0x0000276c                filterDialValues
 .text.readDials
                0x0000284c       0x60 src/LEDMatrixReadDial.o
                0x0000284c                readDials
 .text.resetShiftData
                0x000028ac       0x1c src/LEDMatrixSPIControl.o
                0x000028ac                resetShiftData
 .text.LEDMatrixSend
                0x000028c8       0x38 src/LEDMatrixSPIControl.o
                0x000028c8                LEDMatrixSend
 .text.LEDMatrixPinInit
                0x00002900       0x38 src/LEDMatrixSPIControl.o
                0x00002900                LEDMatrixPinInit
 .text.LEDMatrixInit
                0x00002938       0x20 src/LEDMatrixSPIControl.o
                0x00002938                LEDMatrixInit
 .text.transfer_done
                0x00002958        0xc src/LEDMatrixSPIMaster.o
 .text.setUpDMAData
                0x00002964       0x14 src/LEDMatrixSPIMaster.o
                0x00002964                setUpDMAData
 .text.startTransferDMA
                0x00002978       0x24 src/LEDMatrixSPIMaster.o
                0x00002978                startTransferDMA
 .text.configureSPIMaster
                0x0000299c       0xa4 src/LEDMatrixSPIMaster.o
                0x0000299c                configureSPIMaster
 .text.setupDMA
                0x00002a40       0x98 src/LEDMatrixSPIMaster.o
                0x00002a40                setupDMA
 .text.SPIMasterInit
                0x00002ad8       0x14 src/LEDMatrixSPIMaster.o
                0x00002ad8                SPIMasterInit
 .text.reverseByte
                0x00002aec       0x48 src/LEDMatrixUtilities.o
                0x00002aec                reverseByte
 .text.convertMatrix2Shift
                0x00002b34      0x23c src/LEDMatrixUtilities.o
                0x00002b34                convertMatrix2Shift
 .text.BBTLogo  0x00002d70       0xa0 src/LEDMatrixUtilities.o
                0x00002d70                BBTLogo
 .text.main     0x00002e10       0x68 src/main.o
                0x00002e10                main
 .text          0x00002e78      0x114 c:/program files (x86)/atmel/studio/7.0/toolchain/arm/arm-gnu-toolchain/bin/../lib/gcc/arm-none-eabi/6.2.1/thumb/v6-m\libgcc.a(_udivsi3.o)
                0x00002e78                __aeabi_uidiv
                0x00002e78                __udivsi3
                0x00002f84                __aeabi_uidivmod
 .text          0x00002f8c      0x1d4 c:/program files (x86)/atmel/studio/7.0/toolchain/arm/arm-gnu-toolchain/bin/../lib/gcc/arm-none-eabi/6.2.1/thumb/v6-m\libgcc.a(_divsi3.o)
                0x00002f8c                __divsi3
                0x00002f8c                __aeabi_idiv
                0x00003158                __aeabi_idivmod
 .text          0x00003160        0x4 c:/program files (x86)/atmel/studio/7.0/toolchain/arm/arm-gnu-toolchain/bin/../lib/gcc/arm-none-eabi/6.2.1/thumb/v6-m\libgcc.a(_dvmd_tls.o)
                0x00003160                __aeabi_idiv0
                0x00003160                __aeabi_ldiv0
 .text.__libc_init_array
                0x00003164       0x48 c:/program files (x86)/atmel/studio/7.0/toolchain/arm/arm-gnu-toolchain/bin/../lib/gcc/arm-none-eabi/6.2.1/../../../../arm-none-eabi/lib/thumb/v6-m\libc_nano.a(lib_a-init.o)
                0x00003164                __libc_init_array
 .text.malloc   0x000031ac       0x14 c:/program files (x86)/atmel/studio/7.0/toolchain/arm/arm-gnu-toolchain/bin/../lib/gcc/arm-none-eabi/6.2.1/../../../../arm-none-eabi/lib/thumb/v6-m\libc_nano.a(lib_a-malloc.o)
                0x000031ac                malloc
 .text.memcpy   0x000031c0       0x12 c:/program files (x86)/atmel/studio/7.0/toolchain/arm/arm-gnu-toolchain/bin/../lib/gcc/arm-none-eabi/6.2.1/../../../../arm-none-eabi/lib/thumb/v6-m\libc_nano.a(lib_a-memcpy-stub.o)
                0x000031c0                memcpy
 .text.memset   0x000031d2       0x10 c:/program files (x86)/atmel/studio/7.0/toolchain/arm/arm-gnu-toolchain/bin/../lib/gcc/arm-none-eabi/6.2.1/../../../../arm-none-eabi/lib/thumb/v6-m\libc_nano.a(lib_a-memset.o)
                0x000031d2                memset
 *fill*         0x000031e2        0x2 
 .text._malloc_r
                0x000031e4       0xbc c:/program files (x86)/atmel/studio/7.0/toolchain/arm/arm-gnu-toolchain/bin/../lib/gcc/arm-none-eabi/6.2.1/../../../../arm-none-eabi/lib/thumb/v6-m\libc_nano.a(lib_a-nano-mallocr.o)
                0x000031e4                _malloc_r
 .text._sbrk_r  0x000032a0       0x24 c:/program files (x86)/atmel/studio/7.0/toolchain/arm/arm-gnu-toolchain/bin/../lib/gcc/arm-none-eabi/6.2.1/../../../../arm-none-eabi/lib/thumb/v6-m\libc_nano.a(lib_a-sbrkr.o)
                0x000032a0                _sbrk_r
 .text.__malloc_lock
                0x000032c4        0x2 c:/program files (x86)/atmel/studio/7.0/toolchain/arm/arm-gnu-toolchain/bin/../lib/gcc/arm-none-eabi/6.2.1/../../../../arm-none-eabi/lib/thumb/v6-m\libc_nano.a(lib_a-mlock.o)
                0x000032c4                __malloc_lock
 .text.__malloc_unlock
                0x000032c6        0x2 c:/program files (x86)/atmel/studio/7.0/toolchain/arm/arm-gnu-toolchain/bin/../lib/gcc/arm-none-eabi/6.2.1/../../../../arm-none-eabi/lib/thumb/v6-m\libc_nano.a(lib_a-mlock.o)
                0x000032c6                __malloc_unlock
 *(.glue_7t)
 .glue_7t       0x000032c8        0x0 linker stubs
 *(.glue_7)
 .glue_7        0x000032c8        0x0 linker stubs
 *(.rodata .rodata* .gnu.linkonce.r.*)
 .rodata.adc_init
                0x000032c8       0xd4 src/ASF/sam0/drivers/adc/adc_sam_d_r_h/adc.o
 .rodata        0x0000339c       0x50 src/ASF/sam0/drivers/adc/adc_sam_d_r_h/adc.o
 .rodata        0x000033ec        0xc src/ASF/sam0/drivers/sercom/sercom.o
 .rodata.system_clock_source_get_hz
                0x000033f8       0x24 src/ASF/sam0/drivers/system/clock/clock_samd09_d10_d11/clock.o
 .rodata.system_clock_source_enable
                0x0000341c       0x24 src/ASF/sam0/drivers/system/clock/clock_samd09_d10_d11/clock.o
 .rodata.tc_interrupt_vectors.12390
                0x00003440        0x2 src/LEDMatrixControl.o
 *(.ARM.extab* .gnu.linkonce.armextab.*)
                0x00003444                . = ALIGN (0x4)
 *fill*         0x00003442        0x2 
 *(.init)
 .init          0x00003444        0x4 c:/program files (x86)/atmel/studio/7.0/toolchain/arm/arm-gnu-toolchain/bin/../lib/gcc/arm-none-eabi/6.2.1/thumb/v6-m/crti.o
                0x00003444                _init
 .init          0x00003448        0x8 c:/program files (x86)/atmel/studio/7.0/toolchain/arm/arm-gnu-toolchain/bin/../lib/gcc/arm-none-eabi/6.2.1/thumb/v6-m/crtn.o
                0x00003450                . = ALIGN (0x4)
                0x00003450                __preinit_array_start = .
 *(.preinit_array)
                0x00003450                __preinit_array_end = .
                0x00003450                . = ALIGN (0x4)
                0x00003450                __init_array_start = .
 *(SORT(.init_array.*))
 *(.init_array)
 .init_array    0x00003450        0x4 c:/program files (x86)/atmel/studio/7.0/toolchain/arm/arm-gnu-toolchain/bin/../lib/gcc/arm-none-eabi/6.2.1/thumb/v6-m/crtbegin.o
                0x00003454                __init_array_end = .
                0x00003454                . = ALIGN (0x4)
 *crtbegin.o(.ctors)
 *(EXCLUDE_FILE(*crtend.o) .ctors)
 *(SORT(.ctors.*))
 *crtend.o(.ctors)
                0x00003454                . = ALIGN (0x4)
 *(.fini)
 .fini          0x00003454        0x4 c:/program files (x86)/atmel/studio/7.0/toolchain/arm/arm-gnu-toolchain/bin/../lib/gcc/arm-none-eabi/6.2.1/thumb/v6-m/crti.o
                0x00003454                _fini
 .fini          0x00003458        0x8 c:/program files (x86)/atmel/studio/7.0/toolchain/arm/arm-gnu-toolchain/bin/../lib/gcc/arm-none-eabi/6.2.1/thumb/v6-m/crtn.o
                0x00003460                . = ALIGN (0x4)
                0x00003460                __fini_array_start = .
 *(.fini_array)
 .fini_array    0x00003460        0x4 c:/program files (x86)/atmel/studio/7.0/toolchain/arm/arm-gnu-toolchain/bin/../lib/gcc/arm-none-eabi/6.2.1/thumb/v6-m/crtbegin.o
 *(SORT(.fini_array.*))
                0x00003464                __fini_array_end = .
 *crtbegin.o(.dtors)
 *(EXCLUDE_FILE(*crtend.o) .dtors)
 *(SORT(.dtors.*))
 *crtend.o(.dtors)
                0x00003464                . = ALIGN (0x4)
                0x00003464                _efixed = .
                [!provide]                PROVIDE (__exidx_start, .)

.vfp11_veneer   0x00003464        0x0
 .vfp11_veneer  0x00003464        0x0 linker stubs

.v4_bx          0x00003464        0x0
 .v4_bx         0x00003464        0x0 linker stubs

.iplt           0x00003464        0x0
 .iplt          0x00003464        0x0 c:/program files (x86)/atmel/studio/7.0/toolchain/arm/arm-gnu-toolchain/bin/../lib/gcc/arm-none-eabi/6.2.1/thumb/v6-m/crtbegin.o

.eh_frame       0x00003464        0x0
 .eh_frame      0x00003464        0x0 c:/program files (x86)/atmel/studio/7.0/toolchain/arm/arm-gnu-toolchain/bin/../lib/gcc/arm-none-eabi/6.2.1/thumb/v6-m/crtbegin.o

.rel.dyn        0x00003464        0x0
 .rel.iplt      0x00003464        0x0 c:/program files (x86)/atmel/studio/7.0/toolchain/arm/arm-gnu-toolchain/bin/../lib/gcc/arm-none-eabi/6.2.1/thumb/v6-m/crtbegin.o

.jcr            0x00003464        0x0
 .jcr           0x00003464        0x0 c:/program files (x86)/atmel/studio/7.0/toolchain/arm/arm-gnu-toolchain/bin/../lib/gcc/arm-none-eabi/6.2.1/thumb/v6-m/crtbegin.o

.igot.plt       0x00003464        0x0
 .igot.plt      0x00003464        0x0 c:/program files (x86)/atmel/studio/7.0/toolchain/arm/arm-gnu-toolchain/bin/../lib/gcc/arm-none-eabi/6.2.1/thumb/v6-m/crtbegin.o

.ARM.exidx
 *(.ARM.exidx* .gnu.linkonce.armexidx.*)
                [!provide]                PROVIDE (__exidx_end, .)
                0x00003464                . = ALIGN (0x4)
                0x00003464                _etext = .

.relocate       0x20000000      0x130 load address 0x00003464
                0x20000000                . = ALIGN (0x4)
                0x20000000                _srelocate = .
 *(.ramfunc .ramfunc.*)
 *(.data .data.*)
 .data.cycles_per_ms
                0x20000000        0x4 src/ASF/common2/services/delay/sam0/systick_counter.o
 .data.cycles_per_us
                0x20000004        0x4 src/ASF/common2/services/delay/sam0/systick_counter.o
 .data._dma_inst
                0x20000008        0xc src/ASF/sam0/drivers/dma/dma.o
                0x20000008                _dma_inst
 .data.g_interrupt_enabled
                0x20000014        0x1 src/ASF/common/utils/interrupt/interrupt_sam_nvic.o
                0x20000014                g_interrupt_enabled
 .data.prevLEDMatrixMode.12466
                0x20000015        0x1 src/LEDMatrixControl.o
 .data.firstTime.12437
                0x20000016        0x1 src/LEDMatrixReadDial.o
 *fill*         0x20000017        0x1 
 .data.matrixDataBFrame1.12491
                0x20000018       0x12 src/LEDMatrixUtilities.o
 *fill*         0x2000002a        0x2 
 .data.matrixDataBFrame2.12494
                0x2000002c       0x12 src/LEDMatrixUtilities.o
 *fill*         0x2000003e        0x2 
 .data.matrixDataBFrame3.12497
                0x20000040       0x12 src/LEDMatrixUtilities.o
 *fill*         0x20000052        0x2 
 .data.matrixDataBFrame4.12500
                0x20000054       0x12 src/LEDMatrixUtilities.o
 *fill*         0x20000066        0x2 
 .data.matrixDataGFrame1.12490
                0x20000068       0x12 src/LEDMatrixUtilities.o
 *fill*         0x2000007a        0x2 
 .data.matrixDataGFrame2.12493
                0x2000007c       0x12 src/LEDMatrixUtilities.o
 *fill*         0x2000008e        0x2 
 .data.matrixDataGFrame3.12496
                0x20000090       0x12 src/LEDMatrixUtilities.o
 *fill*         0x200000a2        0x2 
 .data.matrixDataGFrame4.12499
                0x200000a4       0x12 src/LEDMatrixUtilities.o
 *fill*         0x200000b6        0x2 
 .data.matrixDataRFrame1.12489
                0x200000b8       0x12 src/LEDMatrixUtilities.o
 *fill*         0x200000ca        0x2 
 .data._impure_ptr
                0x200000cc        0x4 c:/program files (x86)/atmel/studio/7.0/toolchain/arm/arm-gnu-toolchain/bin/../lib/gcc/arm-none-eabi/6.2.1/../../../../arm-none-eabi/lib/thumb/v6-m\libc_nano.a(lib_a-impure.o)
                0x200000cc                _impure_ptr
 .data.impure_data
                0x200000d0       0x60 c:/program files (x86)/atmel/studio/7.0/toolchain/arm/arm-gnu-toolchain/bin/../lib/gcc/arm-none-eabi/6.2.1/../../../../arm-none-eabi/lib/thumb/v6-m\libc_nano.a(lib_a-impure.o)
                0x20000130                . = ALIGN (0x4)
                0x20000130                _erelocate = .

.bss            0x20000130      0x788 load address 0x000035a0
                0x20000130                . = ALIGN (0x4)
                0x20000130                _sbss = .
                0x20000130                _szero = .
 *(.bss .bss.*)
 .bss           0x20000130       0x1c c:/program files (x86)/atmel/studio/7.0/toolchain/arm/arm-gnu-toolchain/bin/../lib/gcc/arm-none-eabi/6.2.1/thumb/v6-m/crtbegin.o
 .bss._dma_active_resource
                0x2000014c       0x14 src/ASF/sam0/drivers/dma/dma.o
 .bss._write_back_section
                0x20000160       0x50 src/ASF/sam0/drivers/dma/dma.o
 .bss.g_chan_interrupt_flag
                0x200001b0        0x5 src/ASF/sam0/drivers/dma/dma.o
                0x200001b0                g_chan_interrupt_flag
 *fill*         0x200001b5        0x3 
 .bss._sercom_config
                0x200001b8        0x2 src/ASF/sam0/drivers/sercom/sercom.o
 .bss._handler_table_initialized
                0x200001ba        0x1 src/ASF/sam0/drivers/sercom/sercom_interrupt.o
 *fill*         0x200001bb        0x1 
 .bss._sercom_interrupt_handlers
                0x200001bc        0xc src/ASF/sam0/drivers/sercom/sercom_interrupt.o
 .bss.cpu_irq_critical_section_counter
                0x200001c8        0x4 src/ASF/common/utils/interrupt/interrupt_sam_nvic.o
 .bss.cpu_irq_prev_interrupt_state
                0x200001cc        0x1 src/ASF/common/utils/interrupt/interrupt_sam_nvic.o
 *fill*         0x200001cd        0x3 
 .bss._system_clock_inst
                0x200001d0       0x18 src/ASF/sam0/drivers/system/clock/clock_samd09_d10_d11/clock.o
 .bss.heap.5276
                0x200001e8        0x4 src/ASF/sam0/utils/syscalls/gcc/syscalls.o
 .bss.SPISend.12439
                0x200001ec        0xd src/LEDMatrixControl.o
 .bss.currentLEDMatrixMode.12467
                0x200001f9        0x1 src/LEDMatrixControl.o
 .bss.updateLEDRows
                0x200001fa        0x1 src/LEDMatrixControl.o
 *fill*         0x200001fb        0x1 
 .bss.packet    0x200001fc        0x8 src/LEDMatrixI2CSlave.o
 .bss.read_buffer
                0x20000204       0x37 src/LEDMatrixI2CSlave.o
 *fill*         0x2000023b        0x1 
 .bss.tempDialOutputs.12432
                0x2000023c        0x2 src/LEDMatrixI2CSlave.o
 .bss.prevColumnValue.12438
                0x2000023e        0x1 src/LEDMatrixMultiplyMode.o
 .bss.prevRowValue.12426
                0x2000023f        0x1 src/LEDMatrixMultiplyMode.o
 .bss.ADCResult
                0x20000240        0x4 src/LEDMatrixReadDial.o
                0x20000240                ADCResult
 .bss.countThresholdL.12435
                0x20000244        0x2 src/LEDMatrixReadDial.o
 .bss.countThresholdR.12436
                0x20000246        0x2 src/LEDMatrixReadDial.o
 .bss.dialLValueInf.12433
                0x20000248        0x2 src/LEDMatrixReadDial.o
 .bss.dialRValueInf.12434
                0x2000024a        0x2 src/LEDMatrixReadDial.o
 .bss.testCount.12440
                0x2000024c        0x2 src/LEDMatrixReadDial.o
 *fill*         0x2000024e        0x2 
 .bss.matrixDataRFrame2.12492
                0x20000250       0x12 src/LEDMatrixUtilities.o
 *fill*         0x20000262        0x2 
 .bss.matrixDataRFrame3.12495
                0x20000264       0x12 src/LEDMatrixUtilities.o
 *fill*         0x20000276        0x2 
 .bss.matrixDataRFrame4.12498
                0x20000278       0x12 src/LEDMatrixUtilities.o
 .bss.I2CReadComplete
                0x2000028a        0x1 src/main.o
                0x2000028a                I2CReadComplete
 .bss.I2CWriteComplete
                0x2000028b        0x1 src/main.o
                0x2000028b                I2CWriteComplete
 .bss.LEDMatrixMode
                0x2000028c        0x1 src/main.o
                0x2000028c                LEDMatrixMode
 .bss.sensorsUpdate
                0x2000028d        0x1 src/main.o
                0x2000028d                sensorsUpdate
 .bss.transferDone
                0x2000028e        0x1 src/main.o
                0x2000028e                transferDone
 *fill*         0x2000028f        0x1 
 .bss.useDialLValue
                0x20000290        0x2 src/main.o
                0x20000290                useDialLValue
 .bss.useDialRValue
                0x20000292        0x2 src/main.o
                0x20000292                useDialRValue
 .bss.__malloc_free_list
                0x20000294        0x4 c:/program files (x86)/atmel/studio/7.0/toolchain/arm/arm-gnu-toolchain/bin/../lib/gcc/arm-none-eabi/6.2.1/../../../../arm-none-eabi/lib/thumb/v6-m\libc_nano.a(lib_a-nano-mallocr.o)
                0x20000294                __malloc_free_list
 .bss.__malloc_sbrk_start
                0x20000298        0x4 c:/program files (x86)/atmel/studio/7.0/toolchain/arm/arm-gnu-toolchain/bin/../lib/gcc/arm-none-eabi/6.2.1/../../../../arm-none-eabi/lib/thumb/v6-m\libc_nano.a(lib_a-nano-mallocr.o)
                0x20000298                __malloc_sbrk_start
 *(COMMON)
 COMMON         0x2000029c        0x4 src/ASF/sam0/drivers/adc/adc_sam_d_r_h/adc_callback.o
                0x2000029c                _adc_instances
 COMMON         0x200002a0       0x50 src/ASF/sam0/drivers/dma/dma.o
                0x200002a0                descriptor_section
 COMMON         0x200002f0        0xc src/ASF/sam0/drivers/sercom/sercom_interrupt.o
                0x200002f0                _sercom_instances
 COMMON         0x200002fc        0x2 src/ASF/sam0/drivers/sercom/spi/spi_interrupt.o
                0x200002fc                dummy_write
 *fill*         0x200002fe        0x2 
 COMMON         0x20000300        0x8 src/ASF/sam0/drivers/tc/tc_interrupt.o
                0x20000300                _tc_instances
 COMMON         0x20000308       0x1c src/LEDMatrixControl.o
                0x20000308                tcLEDMatrix
 COMMON         0x20000324       0x34 src/LEDMatrixI2CSlave.o
                0x20000324                i2c_slave_instance
 COMMON         0x20000358       0x3d src/LEDMatrixMultiplyMode.o
                0x20000358                minCThresh
                0x20000368                maxRThresh
                0x20000378                maxCThresh
                0x20000388                minRThresh
 *fill*         0x20000395        0x3 
 COMMON         0x20000398      0x408 src/LEDMatrixReadDial.o
                0x20000398                testLogDialL
                0x20000780                adc_instance
 COMMON         0x200007a0       0x68 src/LEDMatrixSPIMaster.o
                0x200007a0                example_descriptor
                0x200007b0                example_resource
                0x200007cc                spi_master_instance
 COMMON         0x20000808       0xaa src/main.o
                0x20000808                DMASourceRegister
                0x20000818                RMatrix
                0x20000838                BMatrix
                0x20000858                I2CReadBuffer
                0x20000890                GMatrix
                0x200008b0                dialOutputs
 *fill*         0x200008b2        0x2 
 COMMON         0x200008b4        0x4 c:/program files (x86)/atmel/studio/7.0/toolchain/arm/arm-gnu-toolchain/bin/../lib/gcc/arm-none-eabi/6.2.1/../../../../arm-none-eabi/lib/thumb/v6-m\libc_nano.a(lib_a-reent.o)
                0x200008b4                errno
                0x200008b8                . = ALIGN (0x4)
                0x200008b8                _ebss = .
                0x200008b8                _ezero = .

.stack          0x200008b8      0x400 load address 0x00003d28
                0x200008b8                . = ALIGN (0x8)
                0x200008b8                _sstack = .
                0x20000cb8                . = (. + STACK_SIZE)
 *fill*         0x200008b8      0x400 
                0x20000cb8                . = ALIGN (0x8)
                0x20000cb8                _estack = .
                0x20000cb8                . = ALIGN (0x4)
                0x20000cb8                _end = .
OUTPUT(LEDMatrixFlutter.elf elf32-littlearm)

.ARM.attributes
                0x00000000       0x28
 .ARM.attributes
                0x00000000       0x1e c:/program files (x86)/atmel/studio/7.0/toolchain/arm/arm-gnu-toolchain/bin/../lib/gcc/arm-none-eabi/6.2.1/thumb/v6-m/crti.o
 .ARM.attributes
                0x0000001e       0x2c c:/program files (x86)/atmel/studio/7.0/toolchain/arm/arm-gnu-toolchain/bin/../lib/gcc/arm-none-eabi/6.2.1/thumb/v6-m/crtbegin.o
 .ARM.attributes
                0x0000004a       0x32 src/ASF/common2/services/delay/sam0/systick_counter.o
 .ARM.attributes
                0x0000007c       0x32 src/ASF/sam0/drivers/adc/adc_sam_d_r_h/adc.o
 .ARM.attributes
                0x000000ae       0x32 src/ASF/sam0/drivers/adc/adc_sam_d_r_h/adc_callback.o
 .ARM.attributes
                0x000000e0       0x32 src/ASF/sam0/drivers/dma/dma.o
 .ARM.attributes
                0x00000112       0x32 src/ASF/sam0/drivers/sercom/i2c/i2c_sam0/i2c_slave.o
 .ARM.attributes
                0x00000144       0x32 src/ASF/sam0/drivers/sercom/i2c/i2c_sam0/i2c_slave_interrupt.o
 .ARM.attributes
                0x00000176       0x32 src/ASF/sam0/drivers/sercom/sercom.o
 .ARM.attributes
                0x000001a8       0x32 src/ASF/sam0/drivers/sercom/sercom_interrupt.o
 .ARM.attributes
                0x000001da       0x32 src/ASF/sam0/drivers/sercom/spi/spi.o
 .ARM.attributes
                0x0000020c       0x32 src/ASF/sam0/drivers/sercom/spi/spi_interrupt.o
 .ARM.attributes
                0x0000023e       0x32 src/ASF/sam0/drivers/tc/tc_sam_d_r_h/tc.o
 .ARM.attributes
                0x00000270       0x32 src/ASF/sam0/drivers/tc/tc_interrupt.o
 .ARM.attributes
                0x000002a2       0x32 src/ASF/sam0/drivers/port/port.o
 .ARM.attributes
                0x000002d4       0x32 src/ASF/common2/boards/user_board/init.o
 .ARM.attributes
                0x00000306       0x32 src/ASF/common/utils/interrupt/interrupt_sam_nvic.o
 .ARM.attributes
                0x00000338       0x32 src/ASF/sam0/drivers/system/clock/clock_samd09_d10_d11/clock.o
 .ARM.attributes
                0x0000036a       0x32 src/ASF/sam0/drivers/system/clock/clock_samd09_d10_d11/gclk.o
 .ARM.attributes
                0x0000039c       0x32 src/ASF/sam0/drivers/system/pinmux/pinmux.o
 .ARM.attributes
                0x000003ce       0x32 src/ASF/sam0/drivers/system/system.o
 .ARM.attributes
                0x00000400       0x32 src/ASF/sam0/utils/cmsis/samd10/source/gcc/startup_samd10.o
 .ARM.attributes
                0x00000432       0x32 src/ASF/sam0/utils/syscalls/gcc/syscalls.o
 .ARM.attributes
                0x00000464       0x32 src/LEDMatrixBluetoothMode.o
 .ARM.attributes
                0x00000496       0x32 src/LEDMatrixControl.o
 .ARM.attributes
                0x000004c8       0x32 src/LEDMatrixI2CSlave.o
 .ARM.attributes
                0x000004fa       0x32 src/LEDMatrixMultiplyMode.o
 .ARM.attributes
                0x0000052c       0x32 src/LEDMatrixReadDial.o
 .ARM.attributes
                0x0000055e       0x32 src/LEDMatrixSPIControl.o
 .ARM.attributes
                0x00000590       0x32 src/LEDMatrixSPIMaster.o
 .ARM.attributes
                0x000005c2       0x32 src/LEDMatrixUtilities.o
 .ARM.attributes
                0x000005f4       0x32 src/main.o
 .ARM.attributes
                0x00000626       0x1e c:/program files (x86)/atmel/studio/7.0/toolchain/arm/arm-gnu-toolchain/bin/../lib/gcc/arm-none-eabi/6.2.1/thumb/v6-m\libgcc.a(_udivsi3.o)
 .ARM.attributes
                0x00000644       0x1e c:/program files (x86)/atmel/studio/7.0/toolchain/arm/arm-gnu-toolchain/bin/../lib/gcc/arm-none-eabi/6.2.1/thumb/v6-m\libgcc.a(_divsi3.o)
 .ARM.attributes
                0x00000662       0x1e c:/program files (x86)/atmel/studio/7.0/toolchain/arm/arm-gnu-toolchain/bin/../lib/gcc/arm-none-eabi/6.2.1/thumb/v6-m\libgcc.a(_dvmd_tls.o)
 .ARM.attributes
                0x00000680       0x2c c:/program files (x86)/atmel/studio/7.0/toolchain/arm/arm-gnu-toolchain/bin/../lib/gcc/arm-none-eabi/6.2.1/../../../../arm-none-eabi/lib/thumb/v6-m\libc_nano.a(lib_a-impure.o)
 .ARM.attributes
                0x000006ac       0x2c c:/program files (x86)/atmel/studio/7.0/toolchain/arm/arm-gnu-toolchain/bin/../lib/gcc/arm-none-eabi/6.2.1/../../../../arm-none-eabi/lib/thumb/v6-m\libc_nano.a(lib_a-init.o)
 .ARM.attributes
                0x000006d8       0x2c c:/program files (x86)/atmel/studio/7.0/toolchain/arm/arm-gnu-toolchain/bin/../lib/gcc/arm-none-eabi/6.2.1/../../../../arm-none-eabi/lib/thumb/v6-m\libc_nano.a(lib_a-malloc.o)
 .ARM.attributes
                0x00000704       0x2c c:/program files (x86)/atmel/studio/7.0/toolchain/arm/arm-gnu-toolchain/bin/../lib/gcc/arm-none-eabi/6.2.1/../../../../arm-none-eabi/lib/thumb/v6-m\libc_nano.a(lib_a-memcpy-stub.o)
 .ARM.attributes
                0x00000730       0x2c c:/program files (x86)/atmel/studio/7.0/toolchain/arm/arm-gnu-toolchain/bin/../lib/gcc/arm-none-eabi/6.2.1/../../../../arm-none-eabi/lib/thumb/v6-m\libc_nano.a(lib_a-memset.o)
 .ARM.attributes
                0x0000075c       0x2c c:/program files (x86)/atmel/studio/7.0/toolchain/arm/arm-gnu-toolchain/bin/../lib/gcc/arm-none-eabi/6.2.1/../../../../arm-none-eabi/lib/thumb/v6-m\libc_nano.a(lib_a-nano-mallocr.o)
 .ARM.attributes
                0x00000788       0x2c c:/program files (x86)/atmel/studio/7.0/toolchain/arm/arm-gnu-toolchain/bin/../lib/gcc/arm-none-eabi/6.2.1/../../../../arm-none-eabi/lib/thumb/v6-m\libc_nano.a(lib_a-sbrkr.o)
 .ARM.attributes
                0x000007b4       0x2c c:/program files (x86)/atmel/studio/7.0/toolchain/arm/arm-gnu-toolchain/bin/../lib/gcc/arm-none-eabi/6.2.1/../../../../arm-none-eabi/lib/thumb/v6-m\libc_nano.a(lib_a-mlock.o)
 .ARM.attributes
                0x000007e0       0x2c c:/program files (x86)/atmel/studio/7.0/toolchain/arm/arm-gnu-toolchain/bin/../lib/gcc/arm-none-eabi/6.2.1/../../../../arm-none-eabi/lib/thumb/v6-m\libc_nano.a(lib_a-reent.o)
 .ARM.attributes
                0x0000080c       0x1e c:/program files (x86)/atmel/studio/7.0/toolchain/arm/arm-gnu-toolchain/bin/../lib/gcc/arm-none-eabi/6.2.1/thumb/v6-m/crtn.o

.comment        0x00000000       0x59
 .comment       0x00000000       0x59 src/ASF/common2/services/delay/sam0/systick_counter.o
                                 0x5a (size before relaxing)
 .comment       0x00000059       0x5a src/ASF/sam0/drivers/adc/adc_sam_d_r_h/adc.o
 .comment       0x00000059       0x5a src/ASF/sam0/drivers/adc/adc_sam_d_r_h/adc_callback.o
 .comment       0x00000059       0x5a src/ASF/sam0/drivers/dma/dma.o
 .comment       0x00000059       0x5a src/ASF/sam0/drivers/sercom/i2c/i2c_sam0/i2c_slave.o
 .comment       0x00000059       0x5a src/ASF/sam0/drivers/sercom/i2c/i2c_sam0/i2c_slave_interrupt.o
 .comment       0x00000059       0x5a src/ASF/sam0/drivers/sercom/sercom.o
 .comment       0x00000059       0x5a src/ASF/sam0/drivers/sercom/sercom_interrupt.o
 .comment       0x00000059       0x5a src/ASF/sam0/drivers/sercom/spi/spi.o
 .comment       0x00000059       0x5a src/ASF/sam0/drivers/sercom/spi/spi_interrupt.o
 .comment       0x00000059       0x5a src/ASF/sam0/drivers/tc/tc_sam_d_r_h/tc.o
 .comment       0x00000059       0x5a src/ASF/sam0/drivers/tc/tc_interrupt.o
 .comment       0x00000059       0x5a src/ASF/sam0/drivers/port/port.o
 .comment       0x00000059       0x5a src/ASF/common2/boards/user_board/init.o
 .comment       0x00000059       0x5a src/ASF/common/utils/interrupt/interrupt_sam_nvic.o
 .comment       0x00000059       0x5a src/ASF/sam0/drivers/system/clock/clock_samd09_d10_d11/clock.o
 .comment       0x00000059       0x5a src/ASF/sam0/drivers/system/clock/clock_samd09_d10_d11/gclk.o
 .comment       0x00000059       0x5a src/ASF/sam0/drivers/system/pinmux/pinmux.o
 .comment       0x00000059       0x5a src/ASF/sam0/drivers/system/system.o
 .comment       0x00000059       0x5a src/ASF/sam0/utils/cmsis/samd10/source/gcc/startup_samd10.o
 .comment       0x00000059       0x5a src/ASF/sam0/utils/syscalls/gcc/syscalls.o
 .comment       0x00000059       0x5a src/LEDMatrixBluetoothMode.o
 .comment       0x00000059       0x5a src/LEDMatrixControl.o
 .comment       0x00000059       0x5a src/LEDMatrixI2CSlave.o
 .comment       0x00000059       0x5a src/LEDMatrixMultiplyMode.o
 .comment       0x00000059       0x5a src/LEDMatrixReadDial.o
 .comment       0x00000059       0x5a src/LEDMatrixSPIControl.o
 .comment       0x00000059       0x5a src/LEDMatrixSPIMaster.o
 .comment       0x00000059       0x5a src/LEDMatrixUtilities.o
 .comment       0x00000059       0x5a src/main.o

.debug_info     0x00000000    0x4abd0
 .debug_info    0x00000000      0xb81 src/ASF/common2/services/delay/sam0/systick_counter.o
 .debug_info    0x00000b81     0x3d39 src/ASF/sam0/drivers/adc/adc_sam_d_r_h/adc.o
 .debug_info    0x000048ba     0x1bbe src/ASF/sam0/drivers/adc/adc_sam_d_r_h/adc_callback.o
 .debug_info    0x00006478     0x32d9 src/ASF/sam0/drivers/dma/dma.o
 .debug_info    0x00009751     0x4af6 src/ASF/sam0/drivers/sercom/i2c/i2c_sam0/i2c_slave.o
 .debug_info    0x0000e247     0x3176 src/ASF/sam0/drivers/sercom/i2c/i2c_sam0/i2c_slave_interrupt.o
 .debug_info    0x000113bd     0x2d8a src/ASF/sam0/drivers/sercom/sercom.o
 .debug_info    0x00014147     0x2af8 src/ASF/sam0/drivers/sercom/sercom_interrupt.o
 .debug_info    0x00016c3f     0x68ea src/ASF/sam0/drivers/sercom/spi/spi.o
 .debug_info    0x0001d529     0x3188 src/ASF/sam0/drivers/sercom/spi/spi_interrupt.o
 .debug_info    0x000206b1     0x2eb9 src/ASF/sam0/drivers/tc/tc_sam_d_r_h/tc.o
 .debug_info    0x0002356a     0x1ae9 src/ASF/sam0/drivers/tc/tc_interrupt.o
 .debug_info    0x00025053     0x12ac src/ASF/sam0/drivers/port/port.o
 .debug_info    0x000262ff     0x191d src/ASF/common2/boards/user_board/init.o
 .debug_info    0x00027c1c      0xafb src/ASF/common/utils/interrupt/interrupt_sam_nvic.o
 .debug_info    0x00028717     0x38a5 src/ASF/sam0/drivers/system/clock/clock_samd09_d10_d11/clock.o
 .debug_info    0x0002bfbc     0x1e47 src/ASF/sam0/drivers/system/clock/clock_samd09_d10_d11/gclk.o
 .debug_info    0x0002de03     0x13ea src/ASF/sam0/drivers/system/pinmux/pinmux.o
 .debug_info    0x0002f1ed      0xa67 src/ASF/sam0/drivers/system/system.o
 .debug_info    0x0002fc54     0x1ab0 src/ASF/sam0/utils/cmsis/samd10/source/gcc/startup_samd10.o
 .debug_info    0x00031704      0xd8c src/ASF/sam0/utils/syscalls/gcc/syscalls.o
 .debug_info    0x00032490     0x19ad src/LEDMatrixBluetoothMode.o
 .debug_info    0x00033e3d     0x3ac0 src/LEDMatrixControl.o
 .debug_info    0x000378fd     0x427f src/LEDMatrixI2CSlave.o
 .debug_info    0x0003bb7c     0x1f6b src/LEDMatrixMultiplyMode.o
 .debug_info    0x0003dae7     0x2929 src/LEDMatrixReadDial.o
 .debug_info    0x00040410     0x23ea src/LEDMatrixSPIControl.o
 .debug_info    0x000427fa     0x4751 src/LEDMatrixSPIMaster.o
 .debug_info    0x00046f4b     0x1e86 src/LEDMatrixUtilities.o
 .debug_info    0x00048dd1     0x1dff src/main.o

.debug_abbrev   0x00000000     0x667e
 .debug_abbrev  0x00000000      0x24b src/ASF/common2/services/delay/sam0/systick_counter.o
 .debug_abbrev  0x0000024b      0x45c src/ASF/sam0/drivers/adc/adc_sam_d_r_h/adc.o
 .debug_abbrev  0x000006a7      0x3b8 src/ASF/sam0/drivers/adc/adc_sam_d_r_h/adc_callback.o
 .debug_abbrev  0x00000a5f      0x4a9 src/ASF/sam0/drivers/dma/dma.o
 .debug_abbrev  0x00000f08      0x4ef src/ASF/sam0/drivers/sercom/i2c/i2c_sam0/i2c_slave.o
 .debug_abbrev  0x000013f7      0x3b4 src/ASF/sam0/drivers/sercom/i2c/i2c_sam0/i2c_slave_interrupt.o
 .debug_abbrev  0x000017ab      0x378 src/ASF/sam0/drivers/sercom/sercom.o
 .debug_abbrev  0x00001b23      0x2da src/ASF/sam0/drivers/sercom/sercom_interrupt.o
 .debug_abbrev  0x00001dfd      0x51f src/ASF/sam0/drivers/sercom/spi/spi.o
 .debug_abbrev  0x0000231c      0x3ee src/ASF/sam0/drivers/sercom/spi/spi_interrupt.o
 .debug_abbrev  0x0000270a      0x44f src/ASF/sam0/drivers/tc/tc_sam_d_r_h/tc.o
 .debug_abbrev  0x00002b59      0x2ff src/ASF/sam0/drivers/tc/tc_interrupt.o
 .debug_abbrev  0x00002e58      0x298 src/ASF/sam0/drivers/port/port.o
 .debug_abbrev  0x000030f0      0x21e src/ASF/common2/boards/user_board/init.o
 .debug_abbrev  0x0000330e      0x22c src/ASF/common/utils/interrupt/interrupt_sam_nvic.o
 .debug_abbrev  0x0000353a      0x493 src/ASF/sam0/drivers/system/clock/clock_samd09_d10_d11/clock.o
 .debug_abbrev  0x000039cd      0x3f1 src/ASF/sam0/drivers/system/clock/clock_samd09_d10_d11/gclk.o
 .debug_abbrev  0x00003dbe      0x36e src/ASF/sam0/drivers/system/pinmux/pinmux.o
 .debug_abbrev  0x0000412c      0x1e1 src/ASF/sam0/drivers/system/system.o
 .debug_abbrev  0x0000430d      0x200 src/ASF/sam0/utils/cmsis/samd10/source/gcc/startup_samd10.o
 .debug_abbrev  0x0000450d      0x257 src/ASF/sam0/utils/syscalls/gcc/syscalls.o
 .debug_abbrev  0x00004764      0x263 src/LEDMatrixBluetoothMode.o
 .debug_abbrev  0x000049c7      0x430 src/LEDMatrixControl.o
 .debug_abbrev  0x00004df7      0x3ef src/LEDMatrixI2CSlave.o
 .debug_abbrev  0x000051e6      0x3d8 src/LEDMatrixMultiplyMode.o
 .debug_abbrev  0x000055be      0x3ef src/LEDMatrixReadDial.o
 .debug_abbrev  0x000059ad      0x320 src/LEDMatrixSPIControl.o
 .debug_abbrev  0x00005ccd      0x400 src/LEDMatrixSPIMaster.o
 .debug_abbrev  0x000060cd      0x2ce src/LEDMatrixUtilities.o
 .debug_abbrev  0x0000639b      0x2e3 src/main.o

.debug_loc      0x00000000     0xa1a8
 .debug_loc     0x00000000       0xe4 src/ASF/common2/services/delay/sam0/systick_counter.o
 .debug_loc     0x000000e4      0x891 src/ASF/sam0/drivers/adc/adc_sam_d_r_h/adc.o
 .debug_loc     0x00000975      0x34a src/ASF/sam0/drivers/adc/adc_sam_d_r_h/adc_callback.o
 .debug_loc     0x00000cbf      0x53a src/ASF/sam0/drivers/dma/dma.o
 .debug_loc     0x000011f9      0x981 src/ASF/sam0/drivers/sercom/i2c/i2c_sam0/i2c_slave.o
 .debug_loc     0x00001b7a      0x3e0 src/ASF/sam0/drivers/sercom/i2c/i2c_sam0/i2c_slave_interrupt.o
 .debug_loc     0x00001f5a      0x893 src/ASF/sam0/drivers/sercom/sercom.o
 .debug_loc     0x000027ed      0x139 src/ASF/sam0/drivers/sercom/sercom_interrupt.o
 .debug_loc     0x00002926     0x2a76 src/ASF/sam0/drivers/sercom/spi/spi.o
 .debug_loc     0x0000539c      0x6b0 src/ASF/sam0/drivers/sercom/spi/spi_interrupt.o
 .debug_loc     0x00005a4c      0xdb9 src/ASF/sam0/drivers/tc/tc_sam_d_r_h/tc.o
 .debug_loc     0x00006805      0x168 src/ASF/sam0/drivers/tc/tc_interrupt.o
 .debug_loc     0x0000696d      0x13d src/ASF/sam0/drivers/port/port.o
 .debug_loc     0x00006aaa      0xfb7 src/ASF/sam0/drivers/system/clock/clock_samd09_d10_d11/clock.o
 .debug_loc     0x00007a61      0x504 src/ASF/sam0/drivers/system/clock/clock_samd09_d10_d11/gclk.o
 .debug_loc     0x00007f65      0x36d src/ASF/sam0/drivers/system/pinmux/pinmux.o
 .debug_loc     0x000082d2       0x20 src/ASF/sam0/drivers/system/system.o
 .debug_loc     0x000082f2       0x40 src/ASF/sam0/utils/cmsis/samd10/source/gcc/startup_samd10.o
 .debug_loc     0x00008332       0xef src/ASF/sam0/utils/syscalls/gcc/syscalls.o
 .debug_loc     0x00008421       0x58 src/LEDMatrixBluetoothMode.o
 .debug_loc     0x00008479      0x2a5 src/LEDMatrixControl.o
 .debug_loc     0x0000871e      0x302 src/LEDMatrixI2CSlave.o
 .debug_loc     0x00008a20      0x5f4 src/LEDMatrixMultiplyMode.o
 .debug_loc     0x00009014      0x57b src/LEDMatrixReadDial.o
 .debug_loc     0x0000958f      0x25f src/LEDMatrixSPIControl.o
 .debug_loc     0x000097ee      0x1f8 src/LEDMatrixSPIMaster.o
 .debug_loc     0x000099e6      0x701 src/LEDMatrixUtilities.o
 .debug_loc     0x0000a0e7       0xc1 src/main.o

.debug_aranges  0x00000000      0x840
 .debug_aranges
                0x00000000       0x30 src/ASF/common2/services/delay/sam0/systick_counter.o
 .debug_aranges
                0x00000030       0x38 src/ASF/sam0/drivers/adc/adc_sam_d_r_h/adc.o
 .debug_aranges
                0x00000068       0x48 src/ASF/sam0/drivers/adc/adc_sam_d_r_h/adc_callback.o
 .debug_aranges
                0x000000b0       0x68 src/ASF/sam0/drivers/dma/dma.o
 .debug_aranges
                0x00000118       0x60 src/ASF/sam0/drivers/sercom/i2c/i2c_sam0/i2c_slave.o
 .debug_aranges
                0x00000178       0x50 src/ASF/sam0/drivers/sercom/i2c/i2c_sam0/i2c_slave_interrupt.o
 .debug_aranges
                0x000001c8       0x48 src/ASF/sam0/drivers/sercom/sercom.o
 .debug_aranges
                0x00000210       0x48 src/ASF/sam0/drivers/sercom/sercom_interrupt.o
 .debug_aranges
                0x00000258       0x58 src/ASF/sam0/drivers/sercom/spi/spi.o
 .debug_aranges
                0x000002b0       0x50 src/ASF/sam0/drivers/sercom/spi/spi_interrupt.o
 .debug_aranges
                0x00000300       0x58 src/ASF/sam0/drivers/tc/tc_sam_d_r_h/tc.o
 .debug_aranges
                0x00000358       0x40 src/ASF/sam0/drivers/tc/tc_interrupt.o
 .debug_aranges
                0x00000398       0x28 src/ASF/sam0/drivers/port/port.o
 .debug_aranges
                0x000003c0       0x20 src/ASF/common2/boards/user_board/init.o
 .debug_aranges
                0x000003e0       0x28 src/ASF/common/utils/interrupt/interrupt_sam_nvic.o
 .debug_aranges
                0x00000408       0x78 src/ASF/sam0/drivers/system/clock/clock_samd09_d10_d11/clock.o
 .debug_aranges
                0x00000480       0x80 src/ASF/sam0/drivers/system/clock/clock_samd09_d10_d11/gclk.o
 .debug_aranges
                0x00000500       0x40 src/ASF/sam0/drivers/system/pinmux/pinmux.o
 .debug_aranges
                0x00000540       0x28 src/ASF/sam0/drivers/system/system.o
 .debug_aranges
                0x00000568       0x28 src/ASF/sam0/utils/cmsis/samd10/source/gcc/startup_samd10.o
 .debug_aranges
                0x00000590       0x60 src/ASF/sam0/utils/syscalls/gcc/syscalls.o
 .debug_aranges
                0x000005f0       0x20 src/LEDMatrixBluetoothMode.o
 .debug_aranges
                0x00000610       0x60 src/LEDMatrixControl.o
 .debug_aranges
                0x00000670       0x48 src/LEDMatrixI2CSlave.o
 .debug_aranges
                0x000006b8       0x68 src/LEDMatrixMultiplyMode.o
 .debug_aranges
                0x00000720       0x40 src/LEDMatrixReadDial.o
 .debug_aranges
                0x00000760       0x38 src/LEDMatrixSPIControl.o
 .debug_aranges
                0x00000798       0x48 src/LEDMatrixSPIMaster.o
 .debug_aranges
                0x000007e0       0x38 src/LEDMatrixUtilities.o
 .debug_aranges
                0x00000818       0x28 src/main.o

.debug_ranges   0x00000000      0xcc0
 .debug_ranges  0x00000000       0x50 src/ASF/common2/services/delay/sam0/systick_counter.o
 .debug_ranges  0x00000050       0xa0 src/ASF/sam0/drivers/adc/adc_sam_d_r_h/adc.o
 .debug_ranges  0x000000f0       0x50 src/ASF/sam0/drivers/adc/adc_sam_d_r_h/adc_callback.o
 .debug_ranges  0x00000140       0x88 src/ASF/sam0/drivers/dma/dma.o
 .debug_ranges  0x000001c8       0x80 src/ASF/sam0/drivers/sercom/i2c/i2c_sam0/i2c_slave.o
 .debug_ranges  0x00000248       0x40 src/ASF/sam0/drivers/sercom/i2c/i2c_sam0/i2c_slave_interrupt.o
 .debug_ranges  0x00000288       0x58 src/ASF/sam0/drivers/sercom/sercom.o
 .debug_ranges  0x000002e0       0x38 src/ASF/sam0/drivers/sercom/sercom_interrupt.o
 .debug_ranges  0x00000318      0x438 src/ASF/sam0/drivers/sercom/spi/spi.o
 .debug_ranges  0x00000750       0xd0 src/ASF/sam0/drivers/sercom/spi/spi_interrupt.o
 .debug_ranges  0x00000820       0x98 src/ASF/sam0/drivers/tc/tc_sam_d_r_h/tc.o
 .debug_ranges  0x000008b8       0x30 src/ASF/sam0/drivers/tc/tc_interrupt.o
 .debug_ranges  0x000008e8       0x18 src/ASF/sam0/drivers/port/port.o
 .debug_ranges  0x00000900       0x10 src/ASF/common2/boards/user_board/init.o
 .debug_ranges  0x00000910       0x18 src/ASF/common/utils/interrupt/interrupt_sam_nvic.o
 .debug_ranges  0x00000928       0x68 src/ASF/sam0/drivers/system/clock/clock_samd09_d10_d11/clock.o
 .debug_ranges  0x00000990       0x88 src/ASF/sam0/drivers/system/clock/clock_samd09_d10_d11/gclk.o
 .debug_ranges  0x00000a18       0x30 src/ASF/sam0/drivers/system/pinmux/pinmux.o
 .debug_ranges  0x00000a48       0x18 src/ASF/sam0/drivers/system/system.o
 .debug_ranges  0x00000a60       0x18 src/ASF/sam0/utils/cmsis/samd10/source/gcc/startup_samd10.o
 .debug_ranges  0x00000a78       0x50 src/ASF/sam0/utils/syscalls/gcc/syscalls.o
 .debug_ranges  0x00000ac8       0x10 src/LEDMatrixBluetoothMode.o
 .debug_ranges  0x00000ad8       0x50 src/LEDMatrixControl.o
 .debug_ranges  0x00000b28       0x38 src/LEDMatrixI2CSlave.o
 .debug_ranges  0x00000b60       0x58 src/LEDMatrixMultiplyMode.o
 .debug_ranges  0x00000bb8       0x68 src/LEDMatrixReadDial.o
 .debug_ranges  0x00000c20       0x28 src/LEDMatrixSPIControl.o
 .debug_ranges  0x00000c48       0x38 src/LEDMatrixSPIMaster.o
 .debug_ranges  0x00000c80       0x28 src/LEDMatrixUtilities.o
 .debug_ranges  0x00000ca8       0x18 src/main.o

.debug_macro    0x00000000    0x1a72f
 .debug_macro   0x00000000      0x4d5 src/ASF/common2/services/delay/sam0/systick_counter.o
 .debug_macro   0x000004d5      0x8c2 src/ASF/common2/services/delay/sam0/systick_counter.o
 .debug_macro   0x00000d97      0x16d src/ASF/common2/services/delay/sam0/systick_counter.o
 .debug_macro   0x00000f04      0x64b src/ASF/common2/services/delay/sam0/systick_counter.o
 .debug_macro   0x0000154f       0x22 src/ASF/common2/services/delay/sam0/systick_counter.o
 .debug_macro   0x00001571       0x87 src/ASF/common2/services/delay/sam0/systick_counter.o
 .debug_macro   0x000015f8       0x51 src/ASF/common2/services/delay/sam0/systick_counter.o
 .debug_macro   0x00001649       0xef src/ASF/common2/services/delay/sam0/systick_counter.o
 .debug_macro   0x00001738       0x6a src/ASF/common2/services/delay/sam0/systick_counter.o
 .debug_macro   0x000017a2      0x1df src/ASF/common2/services/delay/sam0/systick_counter.o
 .debug_macro   0x00001981       0x10 src/ASF/common2/services/delay/sam0/systick_counter.o
 .debug_macro   0x00001991       0x76 src/ASF/common2/services/delay/sam0/systick_counter.o
 .debug_macro   0x00001a07       0x16 src/ASF/common2/services/delay/sam0/systick_counter.o
 .debug_macro   0x00001a1d      0x6e5 src/ASF/common2/services/delay/sam0/systick_counter.o
 .debug_macro   0x00002102      0xde2 src/ASF/common2/services/delay/sam0/systick_counter.o
 .debug_macro   0x00002ee4       0x22 src/ASF/common2/services/delay/sam0/systick_counter.o
 .debug_macro   0x00002f06       0x40 src/ASF/common2/services/delay/sam0/systick_counter.o
 .debug_macro   0x00002f46       0x3a src/ASF/common2/services/delay/sam0/systick_counter.o
 .debug_macro   0x00002f80       0x1f src/ASF/common2/services/delay/sam0/systick_counter.o
 .debug_macro   0x00002f9f      0x250 src/ASF/common2/services/delay/sam0/systick_counter.o
 .debug_macro   0x000031ef      0x682 src/ASF/common2/services/delay/sam0/systick_counter.o
 .debug_macro   0x00003871      0x8c1 src/ASF/common2/services/delay/sam0/systick_counter.o
 .debug_macro   0x00004132      0x235 src/ASF/common2/services/delay/sam0/systick_counter.o
 .debug_macro   0x00004367      0xbde src/ASF/common2/services/delay/sam0/systick_counter.o
 .debug_macro   0x00004f45      0x5b8 src/ASF/common2/services/delay/sam0/systick_counter.o
 .debug_macro   0x000054fd      0x7cb src/ASF/common2/services/delay/sam0/systick_counter.o
 .debug_macro   0x00005cc8      0x4e6 src/ASF/common2/services/delay/sam0/systick_counter.o
 .debug_macro   0x000061ae      0x3ac src/ASF/common2/services/delay/sam0/systick_counter.o
 .debug_macro   0x0000655a      0x19a src/ASF/common2/services/delay/sam0/systick_counter.o
 .debug_macro   0x000066f4      0x226 src/ASF/common2/services/delay/sam0/systick_counter.o
 .debug_macro   0x0000691a      0x745 src/ASF/common2/services/delay/sam0/systick_counter.o
 .debug_macro   0x0000705f       0x5e src/ASF/common2/services/delay/sam0/systick_counter.o
 .debug_macro   0x000070bd      0x610 src/ASF/common2/services/delay/sam0/systick_counter.o
 .debug_macro   0x000076cd      0x3b8 src/ASF/common2/services/delay/sam0/systick_counter.o
 .debug_macro   0x00007a85      0xc55 src/ASF/common2/services/delay/sam0/systick_counter.o
 .debug_macro   0x000086da     0x1093 src/ASF/common2/services/delay/sam0/systick_counter.o
 .debug_macro   0x0000976d      0xc19 src/ASF/common2/services/delay/sam0/systick_counter.o
 .debug_macro   0x0000a386      0x6c2 src/ASF/common2/services/delay/sam0/systick_counter.o
 .debug_macro   0x0000aa48     0x1b94 src/ASF/common2/services/delay/sam0/systick_counter.o
 .debug_macro   0x0000c5dc      0x351 src/ASF/common2/services/delay/sam0/systick_counter.o
 .debug_macro   0x0000c92d       0x7c src/ASF/common2/services/delay/sam0/systick_counter.o
 .debug_macro   0x0000c9a9       0xa0 src/ASF/common2/services/delay/sam0/systick_counter.o
 .debug_macro   0x0000ca49       0x4c src/ASF/common2/services/delay/sam0/systick_counter.o
 .debug_macro   0x0000ca95       0xca src/ASF/common2/services/delay/sam0/systick_counter.o
 .debug_macro   0x0000cb5f       0xbe src/ASF/common2/services/delay/sam0/systick_counter.o
 .debug_macro   0x0000cc1d       0x58 src/ASF/common2/services/delay/sam0/systick_counter.o
 .debug_macro   0x0000cc75      0x225 src/ASF/common2/services/delay/sam0/systick_counter.o
 .debug_macro   0x0000ce9a       0x82 src/ASF/common2/services/delay/sam0/systick_counter.o
 .debug_macro   0x0000cf1c      0x19a src/ASF/common2/services/delay/sam0/systick_counter.o
 .debug_macro   0x0000d0b6       0xa0 src/ASF/common2/services/delay/sam0/systick_counter.o
 .debug_macro   0x0000d156       0xc4 src/ASF/common2/services/delay/sam0/systick_counter.o
 .debug_macro   0x0000d21a       0x1c src/ASF/common2/services/delay/sam0/systick_counter.o
 .debug_macro   0x0000d236       0x1c src/ASF/common2/services/delay/sam0/systick_counter.o
 .debug_macro   0x0000d252       0x1c src/ASF/common2/services/delay/sam0/systick_counter.o
 .debug_macro   0x0000d26e       0x82 src/ASF/common2/services/delay/sam0/systick_counter.o
 .debug_macro   0x0000d2f0      0x112 src/ASF/common2/services/delay/sam0/systick_counter.o
 .debug_macro   0x0000d402       0xdc src/ASF/common2/services/delay/sam0/systick_counter.o
 .debug_macro   0x0000d4de      0x132 src/ASF/common2/services/delay/sam0/systick_counter.o
 .debug_macro   0x0000d610      0x132 src/ASF/common2/services/delay/sam0/systick_counter.o
 .debug_macro   0x0000d742      0x132 src/ASF/common2/services/delay/sam0/systick_counter.o
 .debug_macro   0x0000d874      0x11e src/ASF/common2/services/delay/sam0/systick_counter.o
 .debug_macro   0x0000d992       0xe2 src/ASF/common2/services/delay/sam0/systick_counter.o
 .debug_macro   0x0000da74       0xe2 src/ASF/common2/services/delay/sam0/systick_counter.o
 .debug_macro   0x0000db56      0x12f src/ASF/common2/services/delay/sam0/systick_counter.o
 .debug_macro   0x0000dc85       0x40 src/ASF/common2/services/delay/sam0/systick_counter.o
 .debug_macro   0x0000dcc5      0x2d5 src/ASF/common2/services/delay/sam0/systick_counter.o
 .debug_macro   0x0000df9a      0xf2a src/ASF/common2/services/delay/sam0/systick_counter.o
 .debug_macro   0x0000eec4       0x5f src/ASF/common2/services/delay/sam0/systick_counter.o
 .debug_macro   0x0000ef23       0x52 src/ASF/common2/services/delay/sam0/systick_counter.o
 .debug_macro   0x0000ef75       0x35 src/ASF/common2/services/delay/sam0/systick_counter.o
 .debug_macro   0x0000efaa       0x9c src/ASF/common2/services/delay/sam0/systick_counter.o
 .debug_macro   0x0000f046       0x16 src/ASF/common2/services/delay/sam0/systick_counter.o
 .debug_macro   0x0000f05c       0x35 src/ASF/common2/services/delay/sam0/systick_counter.o
 .debug_macro   0x0000f091      0x330 src/ASF/common2/services/delay/sam0/systick_counter.o
 .debug_macro   0x0000f3c1       0x10 src/ASF/common2/services/delay/sam0/systick_counter.o
 .debug_macro   0x0000f3d1       0x52 src/ASF/common2/services/delay/sam0/systick_counter.o
 .debug_macro   0x0000f423       0x1f src/ASF/common2/services/delay/sam0/systick_counter.o
 .debug_macro   0x0000f442       0x43 src/ASF/common2/services/delay/sam0/systick_counter.o
 .debug_macro   0x0000f485       0x20 src/ASF/common2/services/delay/sam0/systick_counter.o
 .debug_macro   0x0000f4a5      0x187 src/ASF/common2/services/delay/sam0/systick_counter.o
 .debug_macro   0x0000f62c       0x10 src/ASF/common2/services/delay/sam0/systick_counter.o
 .debug_macro   0x0000f63c       0x1c src/ASF/common2/services/delay/sam0/systick_counter.o
 .debug_macro   0x0000f658       0x52 src/ASF/common2/services/delay/sam0/systick_counter.o
 .debug_macro   0x0000f6aa       0x40 src/ASF/common2/services/delay/sam0/systick_counter.o
 .debug_macro   0x0000f6ea       0x10 src/ASF/common2/services/delay/sam0/systick_counter.o
 .debug_macro   0x0000f6fa       0x40 src/ASF/common2/services/delay/sam0/systick_counter.o
 .debug_macro   0x0000f73a       0xd7 src/ASF/common2/services/delay/sam0/systick_counter.o
 .debug_macro   0x0000f811       0x16 src/ASF/common2/services/delay/sam0/systick_counter.o
 .debug_macro   0x0000f827      0x18b src/ASF/common2/services/delay/sam0/systick_counter.o
 .debug_macro   0x0000f9b2       0x16 src/ASF/common2/services/delay/sam0/systick_counter.o
 .debug_macro   0x0000f9c8       0x16 src/ASF/common2/services/delay/sam0/systick_counter.o
 .debug_macro   0x0000f9de       0x29 src/ASF/common2/services/delay/sam0/systick_counter.o
 .debug_macro   0x0000fa07       0x51 src/ASF/common2/services/delay/sam0/systick_counter.o
 .debug_macro   0x0000fa58       0x3f src/ASF/common2/services/delay/sam0/systick_counter.o
 .debug_macro   0x0000fa97      0x3df src/ASF/common2/services/delay/sam0/systick_counter.o
 .debug_macro   0x0000fe76       0x11 src/ASF/common2/services/delay/sam0/systick_counter.o
 .debug_macro   0x0000fe87       0x16 src/ASF/common2/services/delay/sam0/systick_counter.o
 .debug_macro   0x0000fe9d       0x16 src/ASF/common2/services/delay/sam0/systick_counter.o
 .debug_macro   0x0000feb3      0x519 src/ASF/sam0/drivers/adc/adc_sam_d_r_h/adc.o
 .debug_macro   0x000103cc       0x18 src/ASF/sam0/drivers/adc/adc_sam_d_r_h/adc.o
 .debug_macro   0x000103e4       0x16 src/ASF/sam0/drivers/adc/adc_sam_d_r_h/adc.o
 .debug_macro   0x000103fa       0x2e src/ASF/sam0/drivers/adc/adc_sam_d_r_h/adc.o
 .debug_macro   0x00010428       0x19 src/ASF/sam0/drivers/adc/adc_sam_d_r_h/adc.o
 .debug_macro   0x00010441      0x51c src/ASF/sam0/drivers/adc/adc_sam_d_r_h/adc_callback.o
 .debug_macro   0x0001095d      0x513 src/ASF/sam0/drivers/dma/dma.o
 .debug_macro   0x00010e70       0x4c src/ASF/sam0/drivers/dma/dma.o
 .debug_macro   0x00010ebc       0x8d src/ASF/sam0/drivers/dma/dma.o
 .debug_macro   0x00010f49       0x57 src/ASF/sam0/drivers/dma/dma.o
 .debug_macro   0x00010fa0       0x10 src/ASF/sam0/drivers/dma/dma.o
 .debug_macro   0x00010fb0       0x1c src/ASF/sam0/drivers/dma/dma.o
 .debug_macro   0x00010fcc       0x10 src/ASF/sam0/drivers/dma/dma.o
 .debug_macro   0x00010fdc      0x548 src/ASF/sam0/drivers/sercom/i2c/i2c_sam0/i2c_slave.o
 .debug_macro   0x00011524       0x5e src/ASF/sam0/drivers/sercom/i2c/i2c_sam0/i2c_slave.o
 .debug_macro   0x00011582       0x10 src/ASF/sam0/drivers/sercom/i2c/i2c_sam0/i2c_slave.o
 .debug_macro   0x00011592       0x27 src/ASF/sam0/drivers/sercom/i2c/i2c_sam0/i2c_slave.o
 .debug_macro   0x000115b9       0x40 src/ASF/sam0/drivers/sercom/i2c/i2c_sam0/i2c_slave.o
 .debug_macro   0x000115f9      0x544 src/ASF/sam0/drivers/sercom/i2c/i2c_sam0/i2c_slave_interrupt.o
 .debug_macro   0x00011b3d      0x527 src/ASF/sam0/drivers/sercom/sercom.o
 .debug_macro   0x00012064      0x524 src/ASF/sam0/drivers/sercom/sercom_interrupt.o
 .debug_macro   0x00012588      0x56d src/ASF/sam0/drivers/sercom/spi/spi.o
 .debug_macro   0x00012af5       0x16 src/ASF/sam0/drivers/sercom/spi/spi.o
 .debug_macro   0x00012b0b       0x16 src/ASF/sam0/drivers/sercom/spi/spi.o
 .debug_macro   0x00012b21       0x35 src/ASF/sam0/drivers/sercom/spi/spi.o
 .debug_macro   0x00012b56      0x577 src/ASF/sam0/drivers/sercom/spi/spi_interrupt.o
 .debug_macro   0x000130cd      0x523 src/ASF/sam0/drivers/tc/tc_sam_d_r_h/tc.o
 .debug_macro   0x000135f0       0x19 src/ASF/sam0/drivers/tc/tc_sam_d_r_h/tc.o
 .debug_macro   0x00013609       0x51 src/ASF/sam0/drivers/tc/tc_sam_d_r_h/tc.o
 .debug_macro   0x0001365a      0x508 src/ASF/sam0/drivers/tc/tc_interrupt.o
 .debug_macro   0x00013b62      0x4b6 src/ASF/sam0/drivers/port/port.o
 .debug_macro   0x00014018      0x64c src/ASF/common2/boards/user_board/init.o
 .debug_macro   0x00014664       0x76 src/ASF/common2/boards/user_board/init.o
 .debug_macro   0x000146da       0x10 src/ASF/common2/boards/user_board/init.o
 .debug_macro   0x000146ea       0x1c src/ASF/common2/boards/user_board/init.o
 .debug_macro   0x00014706      0x2c6 src/ASF/common2/boards/user_board/init.o
 .debug_macro   0x000149cc       0x11 src/ASF/common2/boards/user_board/init.o
 .debug_macro   0x000149dd       0x2d src/ASF/common2/boards/user_board/init.o
 .debug_macro   0x00014a0a       0x2e src/ASF/common2/boards/user_board/init.o
 .debug_macro   0x00014a38       0x6c src/ASF/common2/boards/user_board/init.o
 .debug_macro   0x00014aa4      0x49a src/ASF/common/utils/interrupt/interrupt_sam_nvic.o
 .debug_macro   0x00014f3e      0x50d src/ASF/sam0/drivers/system/clock/clock_samd09_d10_d11/clock.o
 .debug_macro   0x0001544b      0x234 src/ASF/sam0/drivers/system/clock/clock_samd09_d10_d11/clock.o
 .debug_macro   0x0001567f      0x4d0 src/ASF/sam0/drivers/system/clock/clock_samd09_d10_d11/gclk.o
 .debug_macro   0x00015b4f      0x4aa src/ASF/sam0/drivers/system/pinmux/pinmux.o
 .debug_macro   0x00015ff9       0x12 src/ASF/sam0/drivers/system/pinmux/pinmux.o
 .debug_macro   0x0001600b      0x4dd src/ASF/sam0/drivers/system/system.o
 .debug_macro   0x000164e8      0x281 src/ASF/sam0/utils/cmsis/samd10/source/gcc/startup_samd10.o
 .debug_macro   0x00016769       0x3a src/ASF/sam0/utils/cmsis/samd10/source/gcc/startup_samd10.o
 .debug_macro   0x000167a3      0x1d6 src/ASF/sam0/utils/syscalls/gcc/syscalls.o
 .debug_macro   0x00016979       0x97 src/ASF/sam0/utils/syscalls/gcc/syscalls.o
 .debug_macro   0x00016a10       0xf6 src/ASF/sam0/utils/syscalls/gcc/syscalls.o
 .debug_macro   0x00016b06       0x4c src/ASF/sam0/utils/syscalls/gcc/syscalls.o
 .debug_macro   0x00016b52       0x16 src/ASF/sam0/utils/syscalls/gcc/syscalls.o
 .debug_macro   0x00016b68       0x10 src/ASF/sam0/utils/syscalls/gcc/syscalls.o
 .debug_macro   0x00016b78       0x10 src/ASF/sam0/utils/syscalls/gcc/syscalls.o
 .debug_macro   0x00016b88       0x35 src/ASF/sam0/utils/syscalls/gcc/syscalls.o
 .debug_macro   0x00016bbd      0x122 src/ASF/sam0/utils/syscalls/gcc/syscalls.o
 .debug_macro   0x00016cdf      0x668 src/LEDMatrixBluetoothMode.o
 .debug_macro   0x00017347      0x6a5 src/LEDMatrixControl.o
 .debug_macro   0x000179ec       0x34 src/LEDMatrixControl.o
 .debug_macro   0x00017a20      0x66e src/LEDMatrixI2CSlave.o
 .debug_macro   0x0001808e      0x685 src/LEDMatrixMultiplyMode.o
 .debug_macro   0x00018713      0x66f src/LEDMatrixReadDial.o
 .debug_macro   0x00018d82      0x661 src/LEDMatrixSPIControl.o
 .debug_macro   0x000193e3      0x65b src/LEDMatrixSPIMaster.o
 .debug_macro   0x00019a3e      0x65e src/LEDMatrixUtilities.o
 .debug_macro   0x0001a09c      0x693 src/main.o

.debug_line     0x00000000    0x1690c
 .debug_line    0x00000000      0x953 src/ASF/common2/services/delay/sam0/systick_counter.o
 .debug_line    0x00000953      0xcd8 src/ASF/sam0/drivers/adc/adc_sam_d_r_h/adc.o
 .debug_line    0x0000162b      0xb97 src/ASF/sam0/drivers/adc/adc_sam_d_r_h/adc_callback.o
 .debug_line    0x000021c2      0xc03 src/ASF/sam0/drivers/dma/dma.o
 .debug_line    0x00002dc5      0xd3a src/ASF/sam0/drivers/sercom/i2c/i2c_sam0/i2c_slave.o
 .debug_line    0x00003aff      0xcec src/ASF/sam0/drivers/sercom/i2c/i2c_sam0/i2c_slave_interrupt.o
 .debug_line    0x000047eb      0xb37 src/ASF/sam0/drivers/sercom/sercom.o
 .debug_line    0x00005322      0xacc src/ASF/sam0/drivers/sercom/sercom_interrupt.o
 .debug_line    0x00005dee     0x12fb src/ASF/sam0/drivers/sercom/spi/spi.o
 .debug_line    0x000070e9      0xcb0 src/ASF/sam0/drivers/sercom/spi/spi_interrupt.o
 .debug_line    0x00007d99      0xd25 src/ASF/sam0/drivers/tc/tc_sam_d_r_h/tc.o
 .debug_line    0x00008abe      0xa03 src/ASF/sam0/drivers/tc/tc_interrupt.o
 .debug_line    0x000094c1      0x88c src/ASF/sam0/drivers/port/port.o
 .debug_line    0x00009d4d      0xd30 src/ASF/common2/boards/user_board/init.o
 .debug_line    0x0000aa7d      0x860 src/ASF/common/utils/interrupt/interrupt_sam_nvic.o
 .debug_line    0x0000b2dd      0xc49 src/ASF/sam0/drivers/system/clock/clock_samd09_d10_d11/clock.o
 .debug_line    0x0000bf26      0xc09 src/ASF/sam0/drivers/system/clock/clock_samd09_d10_d11/gclk.o
 .debug_line    0x0000cb2f      0x8d9 src/ASF/sam0/drivers/system/pinmux/pinmux.o
 .debug_line    0x0000d408      0x980 src/ASF/sam0/drivers/system/system.o
 .debug_line    0x0000dd88      0x5dc src/ASF/sam0/utils/cmsis/samd10/source/gcc/startup_samd10.o
 .debug_line    0x0000e364      0x40a src/ASF/sam0/utils/syscalls/gcc/syscalls.o
 .debug_line    0x0000e76e      0xd79 src/LEDMatrixBluetoothMode.o
 .debug_line    0x0000f4e7      0xf0b src/LEDMatrixControl.o
 .debug_line    0x000103f2      0xe19 src/LEDMatrixI2CSlave.o
 .debug_line    0x0001120b      0xee1 src/LEDMatrixMultiplyMode.o
 .debug_line    0x000120ec      0xea8 src/LEDMatrixReadDial.o
 .debug_line    0x00012f94      0xe14 src/LEDMatrixSPIControl.o
 .debug_line    0x00013da8      0xe29 src/LEDMatrixSPIMaster.o
 .debug_line    0x00014bd1      0xf25 src/LEDMatrixUtilities.o
 .debug_line    0x00015af6      0xe16 src/main.o

.debug_str      0x00000000    0x71352
 .debug_str     0x00000000    0x6629f src/ASF/common2/services/delay/sam0/systick_counter.o
                              0x66790 (size before relaxing)
 .debug_str     0x0006629f     0x1d27 src/ASF/sam0/drivers/adc/adc_sam_d_r_h/adc.o
                              0x68477 (size before relaxing)
 .debug_str     0x00067fc6      0x29e src/ASF/sam0/drivers/adc/adc_sam_d_r_h/adc_callback.o
                              0x6726e (size before relaxing)
 .debug_str     0x00068264     0x110e src/ASF/sam0/drivers/dma/dma.o
                              0x67fcb (size before relaxing)
 .debug_str     0x00069372     0x13dd src/ASF/sam0/drivers/sercom/i2c/i2c_sam0/i2c_slave.o
                              0x68853 (size before relaxing)
 .debug_str     0x0006a74f      0x25e src/ASF/sam0/drivers/sercom/i2c/i2c_sam0/i2c_slave_interrupt.o
                              0x67a54 (size before relaxing)
 .debug_str     0x0006a9ad      0x353 src/ASF/sam0/drivers/sercom/sercom.o
                              0x679a4 (size before relaxing)
 .debug_str     0x0006ad00      0x158 src/ASF/sam0/drivers/sercom/sercom_interrupt.o
                              0x6771c (size before relaxing)
 .debug_str     0x0006ae58      0xbae src/ASF/sam0/drivers/sercom/spi/spi.o
                              0x68ce5 (size before relaxing)
 .debug_str     0x0006ba06      0x184 src/ASF/sam0/drivers/sercom/spi/spi_interrupt.o
                              0x67c73 (size before relaxing)
 .debug_str     0x0006bb8a      0xaf3 src/ASF/sam0/drivers/tc/tc_sam_d_r_h/tc.o
                              0x67b6b (size before relaxing)
 .debug_str     0x0006c67d       0xe5 src/ASF/sam0/drivers/tc/tc_interrupt.o
                              0x67289 (size before relaxing)
 .debug_str     0x0006c762      0x118 src/ASF/sam0/drivers/port/port.o
                              0x66997 (size before relaxing)
 .debug_str     0x0006c87a      0xa3d src/ASF/common2/boards/user_board/init.o
                              0x6858d (size before relaxing)
 .debug_str     0x0006d2b7       0x66 src/ASF/common/utils/interrupt/interrupt_sam_nvic.o
                              0x66580 (size before relaxing)
 .debug_str     0x0006d31d     0x21f3 src/ASF/sam0/drivers/system/clock/clock_samd09_d10_d11/clock.o
                              0x694c8 (size before relaxing)
 .debug_str     0x0006f510      0x1d8 src/ASF/sam0/drivers/system/clock/clock_samd09_d10_d11/gclk.o
                              0x671d6 (size before relaxing)
 .debug_str     0x0006f6e8      0x179 src/ASF/sam0/drivers/system/pinmux/pinmux.o
                              0x66a22 (size before relaxing)
 .debug_str     0x0006f861       0x47 src/ASF/sam0/drivers/system/system.o
                              0x6665d (size before relaxing)
 .debug_str     0x0006f8a8      0x3d8 src/ASF/sam0/utils/cmsis/samd10/source/gcc/startup_samd10.o
                              0x51f0e (size before relaxing)
 .debug_str     0x0006fc80      0x75b src/ASF/sam0/utils/syscalls/gcc/syscalls.o
                               0x7265 (size before relaxing)
 .debug_str     0x000703db       0xac src/LEDMatrixBluetoothMode.o
                              0x685fb (size before relaxing)
 .debug_str     0x00070487      0x58b src/LEDMatrixControl.o
                              0x69d8d (size before relaxing)
 .debug_str     0x00070a12      0x1ce src/LEDMatrixI2CSlave.o
                              0x69ad1 (size before relaxing)
 .debug_str     0x00070be0      0x1f4 src/LEDMatrixMultiplyMode.o
                              0x68cf5 (size before relaxing)
 .debug_str     0x00070dd4      0x1e1 src/LEDMatrixReadDial.o
                              0x69b03 (size before relaxing)
 .debug_str     0x00070fb5       0x84 src/LEDMatrixSPIControl.o
                              0x68a50 (size before relaxing)
 .debug_str     0x00071039      0x1ac src/LEDMatrixSPIMaster.o
                              0x6a396 (size before relaxing)
 .debug_str     0x000711e5      0x15a src/LEDMatrixUtilities.o
                              0x686e8 (size before relaxing)
 .debug_str     0x0007133f       0x13 src/main.o
                              0x68dbd (size before relaxing)

.debug_frame    0x00000000     0x14a8
 .debug_frame   0x00000000       0x64 src/ASF/common2/services/delay/sam0/systick_counter.o
 .debug_frame   0x00000064       0x98 src/ASF/sam0/drivers/adc/adc_sam_d_r_h/adc.o
 .debug_frame   0x000000fc       0x84 src/ASF/sam0/drivers/adc/adc_sam_d_r_h/adc_callback.o
 .debug_frame   0x00000180      0x110 src/ASF/sam0/drivers/dma/dma.o
 .debug_frame   0x00000290      0x120 src/ASF/sam0/drivers/sercom/i2c/i2c_sam0/i2c_slave.o
 .debug_frame   0x000003b0       0x9c src/ASF/sam0/drivers/sercom/i2c/i2c_sam0/i2c_slave_interrupt.o
 .debug_frame   0x0000044c       0xbc src/ASF/sam0/drivers/sercom/sercom.o
 .debug_frame   0x00000508       0xa0 src/ASF/sam0/drivers/sercom/sercom_interrupt.o
 .debug_frame   0x000005a8      0x120 src/ASF/sam0/drivers/sercom/spi/spi.o
 .debug_frame   0x000006c8       0xb0 src/ASF/sam0/drivers/sercom/spi/spi_interrupt.o
 .debug_frame   0x00000778       0xa8 src/ASF/sam0/drivers/tc/tc_sam_d_r_h/tc.o
 .debug_frame   0x00000820       0x7c src/ASF/sam0/drivers/tc/tc_interrupt.o
 .debug_frame   0x0000089c       0x44 src/ASF/sam0/drivers/port/port.o
 .debug_frame   0x000008e0       0x20 src/ASF/common2/boards/user_board/init.o
 .debug_frame   0x00000900       0x30 src/ASF/common/utils/interrupt/interrupt_sam_nvic.o
 .debug_frame   0x00000930      0x158 src/ASF/sam0/drivers/system/clock/clock_samd09_d10_d11/clock.o
 .debug_frame   0x00000a88      0x148 src/ASF/sam0/drivers/system/clock/clock_samd09_d10_d11/gclk.o
 .debug_frame   0x00000bd0       0x98 src/ASF/sam0/drivers/system/pinmux/pinmux.o
 .debug_frame   0x00000c68       0x38 src/ASF/sam0/drivers/system/system.o
 .debug_frame   0x00000ca0       0x38 src/ASF/sam0/utils/cmsis/samd10/source/gcc/startup_samd10.o
 .debug_frame   0x00000cd8       0xa0 src/ASF/sam0/utils/syscalls/gcc/syscalls.o
 .debug_frame   0x00000d78       0x2c src/LEDMatrixBluetoothMode.o
 .debug_frame   0x00000da4       0xf4 src/LEDMatrixControl.o
 .debug_frame   0x00000e98       0x9c src/LEDMatrixI2CSlave.o
 .debug_frame   0x00000f34      0x118 src/LEDMatrixMultiplyMode.o
 .debug_frame   0x0000104c       0x98 src/LEDMatrixReadDial.o
 .debug_frame   0x000010e4       0x84 src/LEDMatrixSPIControl.o
 .debug_frame   0x00001168       0xa0 src/LEDMatrixSPIMaster.o
 .debug_frame   0x00001208       0x84 src/LEDMatrixUtilities.o
 .debug_frame   0x0000128c       0x58 src/main.o
 .debug_frame   0x000012e4       0x20 c:/program files (x86)/atmel/studio/7.0/toolchain/arm/arm-gnu-toolchain/bin/../lib/gcc/arm-none-eabi/6.2.1/thumb/v6-m\libgcc.a(_udivsi3.o)
 .debug_frame   0x00001304       0x20 c:/program files (x86)/atmel/studio/7.0/toolchain/arm/arm-gnu-toolchain/bin/../lib/gcc/arm-none-eabi/6.2.1/thumb/v6-m\libgcc.a(_divsi3.o)
 .debug_frame   0x00001324       0x2c c:/program files (x86)/atmel/studio/7.0/toolchain/arm/arm-gnu-toolchain/bin/../lib/gcc/arm-none-eabi/6.2.1/../../../../arm-none-eabi/lib/thumb/v6-m\libc_nano.a(lib_a-init.o)
 .debug_frame   0x00001350       0x40 c:/program files (x86)/atmel/studio/7.0/toolchain/arm/arm-gnu-toolchain/bin/../lib/gcc/arm-none-eabi/6.2.1/../../../../arm-none-eabi/lib/thumb/v6-m\libc_nano.a(lib_a-malloc.o)
 .debug_frame   0x00001390       0x28 c:/program files (x86)/atmel/studio/7.0/toolchain/arm/arm-gnu-toolchain/bin/../lib/gcc/arm-none-eabi/6.2.1/../../../../arm-none-eabi/lib/thumb/v6-m\libc_nano.a(lib_a-memcpy-stub.o)
 .debug_frame   0x000013b8       0x20 c:/program files (x86)/atmel/studio/7.0/toolchain/arm/arm-gnu-toolchain/bin/../lib/gcc/arm-none-eabi/6.2.1/../../../../arm-none-eabi/lib/thumb/v6-m\libc_nano.a(lib_a-memset.o)
 .debug_frame   0x000013d8       0x2c c:/program files (x86)/atmel/studio/7.0/toolchain/arm/arm-gnu-toolchain/bin/../lib/gcc/arm-none-eabi/6.2.1/../../../../arm-none-eabi/lib/thumb/v6-m\libc_nano.a(lib_a-nano-mallocr.o)
 .debug_frame   0x00001404       0x2c c:/program files (x86)/atmel/studio/7.0/toolchain/arm/arm-gnu-toolchain/bin/../lib/gcc/arm-none-eabi/6.2.1/../../../../arm-none-eabi/lib/thumb/v6-m\libc_nano.a(lib_a-sbrkr.o)
 .debug_frame   0x00001430       0x30 c:/program files (x86)/atmel/studio/7.0/toolchain/arm/arm-gnu-toolchain/bin/../lib/gcc/arm-none-eabi/6.2.1/../../../../arm-none-eabi/lib/thumb/v6-m\libc_nano.a(lib_a-mlock.o)
 .debug_frame   0x00001460       0x48 c:/program files (x86)/atmel/studio/7.0/toolchain/arm/arm-gnu-toolchain/bin/../lib/gcc/arm-none-eabi/6.2.1/../../../../arm-none-eabi/lib/thumb/v6-m\libc_nano.a(lib_a-reent.o)

Cross Reference Table

Symbol                                            File
AC_Handler                                        src/ASF/sam0/utils/cmsis/samd10/source/gcc/startup_samd10.o
ADCResult                                         src/LEDMatrixReadDial.o
ADC_Handler                                       src/ASF/sam0/drivers/adc/adc_sam_d_r_h/adc_callback.o
BBTLogo                                           src/LEDMatrixUtilities.o
                                                  src/LEDMatrixControl.o
BMatrix                                           src/main.o
                                                  src/LEDMatrixUtilities.o
                                                  src/LEDMatrixControl.o
DAC_Handler                                       src/ASF/sam0/utils/cmsis/samd10/source/gcc/startup_samd10.o
DMAC_Handler                                      src/ASF/sam0/drivers/dma/dma.o
DMASourceRegister                                 src/main.o
                                                  src/LEDMatrixSPIMaster.o
Dummy_Handler                                     src/ASF/sam0/utils/cmsis/samd10/source/gcc/startup_samd10.o
EIC_Handler                                       src/ASF/sam0/utils/cmsis/samd10/source/gcc/startup_samd10.o
EVSYS_Handler                                     src/ASF/sam0/utils/cmsis/samd10/source/gcc/startup_samd10.o
GMatrix                                           src/main.o
                                                  src/LEDMatrixUtilities.o
                                                  src/LEDMatrixControl.o
HardFault_Handler                                 src/ASF/sam0/utils/cmsis/samd10/source/gcc/startup_samd10.o
I2CReadBuffer                                     src/main.o
                                                  src/LEDMatrixI2CSlave.o
                                                  src/LEDMatrixBluetoothMode.o
I2CReadComplete                                   src/main.o
                                                  src/LEDMatrixI2CSlave.o
                                                  src/LEDMatrixBluetoothMode.o
I2CWriteComplete                                  src/main.o
                                                  src/LEDMatrixI2CSlave.o
LEDMatrixControl                                  src/LEDMatrixControl.o
                                                  src/main.o
LEDMatrixInit                                     src/LEDMatrixSPIControl.o
                                                  src/main.o
LEDMatrixMode                                     src/main.o
                                                  src/LEDMatrixControl.o
LEDMatrixPinInit                                  src/LEDMatrixSPIControl.o
LEDMatrixSend                                     src/LEDMatrixSPIControl.o
                                                  src/main.o
                                                  src/LEDMatrixControl.o
LEDMatrixTimerInit                                src/LEDMatrixControl.o
                                                  src/main.o
NMI_Handler                                       src/ASF/sam0/utils/cmsis/samd10/source/gcc/startup_samd10.o
NVMCTRL_Handler                                   src/ASF/sam0/utils/cmsis/samd10/source/gcc/startup_samd10.o
PM_Handler                                        src/ASF/sam0/utils/cmsis/samd10/source/gcc/startup_samd10.o
PTC_Handler                                       src/ASF/sam0/utils/cmsis/samd10/source/gcc/startup_samd10.o
PendSV_Handler                                    src/ASF/sam0/utils/cmsis/samd10/source/gcc/startup_samd10.o
RMatrix                                           src/main.o
                                                  src/LEDMatrixUtilities.o
                                                  src/LEDMatrixControl.o
RTC_Handler                                       src/ASF/sam0/utils/cmsis/samd10/source/gcc/startup_samd10.o
Reset_Handler                                     src/ASF/sam0/utils/cmsis/samd10/source/gcc/startup_samd10.o
SERCOM0_Handler                                   src/ASF/sam0/drivers/sercom/sercom_interrupt.o
SERCOM1_Handler                                   src/ASF/sam0/drivers/sercom/sercom_interrupt.o
SERCOM2_Handler                                   src/ASF/sam0/drivers/sercom/sercom_interrupt.o
SPIMasterInit                                     src/LEDMatrixSPIMaster.o
                                                  src/main.o
SVC_Handler                                       src/ASF/sam0/utils/cmsis/samd10/source/gcc/startup_samd10.o
SYSCTRL_Handler                                   src/ASF/sam0/utils/cmsis/samd10/source/gcc/startup_samd10.o
SysTick_Handler                                   src/ASF/sam0/utils/cmsis/samd10/source/gcc/startup_samd10.o
SystemCoreClock                                   src/ASF/sam0/utils/cmsis/samd10/source/system_samd10.o
SystemCoreClockUpdate                             src/ASF/sam0/utils/cmsis/samd10/source/system_samd10.o
SystemInit                                        src/ASF/sam0/utils/cmsis/samd10/source/system_samd10.o
TC1_Handler                                       src/ASF/sam0/drivers/tc/tc_interrupt.o
TC2_Handler                                       src/ASF/sam0/drivers/tc/tc_interrupt.o
TCC0_Handler                                      src/ASF/sam0/utils/cmsis/samd10/source/gcc/startup_samd10.o
WDT_Handler                                       src/ASF/sam0/utils/cmsis/samd10/source/gcc/startup_samd10.o
_Jv_RegisterClasses                               c:/program files (x86)/atmel/studio/7.0/toolchain/arm/arm-gnu-toolchain/bin/../lib/gcc/arm-none-eabi/6.2.1/thumb/v6-m/crtbegin.o
__aeabi_idiv                                      c:/program files (x86)/atmel/studio/7.0/toolchain/arm/arm-gnu-toolchain/bin/../lib/gcc/arm-none-eabi/6.2.1/thumb/v6-m\libgcc.a(_divsi3.o)
                                                  src/LEDMatrixReadDial.o
__aeabi_idiv0                                     c:/program files (x86)/atmel/studio/7.0/toolchain/arm/arm-gnu-toolchain/bin/../lib/gcc/arm-none-eabi/6.2.1/thumb/v6-m\libgcc.a(_dvmd_tls.o)
                                                  c:/program files (x86)/atmel/studio/7.0/toolchain/arm/arm-gnu-toolchain/bin/../lib/gcc/arm-none-eabi/6.2.1/thumb/v6-m\libgcc.a(_divsi3.o)
                                                  c:/program files (x86)/atmel/studio/7.0/toolchain/arm/arm-gnu-toolchain/bin/../lib/gcc/arm-none-eabi/6.2.1/thumb/v6-m\libgcc.a(_udivsi3.o)
__aeabi_idivmod                                   c:/program files (x86)/atmel/studio/7.0/toolchain/arm/arm-gnu-toolchain/bin/../lib/gcc/arm-none-eabi/6.2.1/thumb/v6-m\libgcc.a(_divsi3.o)
__aeabi_ldiv0                                     c:/program files (x86)/atmel/studio/7.0/toolchain/arm/arm-gnu-toolchain/bin/../lib/gcc/arm-none-eabi/6.2.1/thumb/v6-m\libgcc.a(_dvmd_tls.o)
__aeabi_lmul                                      c:/program files (x86)/atmel/studio/7.0/toolchain/arm/arm-gnu-toolchain/bin/../lib/gcc/arm-none-eabi/6.2.1/thumb/v6-m\libgcc.a(_muldi3.o)
                                                  src/ASF/sam0/drivers/sercom/sercom.o
__aeabi_uidiv                                     c:/program files (x86)/atmel/studio/7.0/toolchain/arm/arm-gnu-toolchain/bin/../lib/gcc/arm-none-eabi/6.2.1/thumb/v6-m\libgcc.a(_udivsi3.o)
                                                  src/ASF/sam0/drivers/system/clock/clock_samd09_d10_d11/gclk.o
                                                  src/ASF/sam0/drivers/system/clock/clock_samd09_d10_d11/clock.o
                                                  src/ASF/common2/services/delay/sam0/systick_counter.o
__aeabi_uidivmod                                  c:/program files (x86)/atmel/studio/7.0/toolchain/arm/arm-gnu-toolchain/bin/../lib/gcc/arm-none-eabi/6.2.1/thumb/v6-m\libgcc.a(_udivsi3.o)
__bss_end__                                       c:/program files (x86)/atmel/studio/7.0/toolchain/arm/arm-gnu-toolchain/bin/../lib/gcc/arm-none-eabi/6.2.1/../../../../arm-none-eabi/lib/thumb/v6-m/crt0.o